Component: ARM Compiler 5.05 update 1 (build 106) Tool: armlink [4d0efa]

==============================================================================

Section Cross References

    main.o(i.main) refers to delay.o(i.delay_init) for delay_init
    main.o(i.main) refers to misc.o(i.NVIC_PriorityGroupConfig) for NVIC_PriorityGroupConfig
    main.o(i.main) refers to timer.o(i.TIM2_Time_Init) for TIM2_Time_Init
    main.o(i.main) refers to usart3.o(i.usart3_init) for usart3_init
    main.o(i.main) refers to led.o(i.LED_Init) for LED_Init
    main.o(i.main) refers to key.o(i.KEY_Init) for KEY_Init
    main.o(i.main) refers to beep.o(i.BEEP_Init) for BEEP_Init
    main.o(i.main) refers to relay.o(i.RELAY_Init) for RELAY_Init
    main.o(i.main) refers to iic.o(i.IIC_IO_Init) for IIC_IO_Init
    main.o(i.main) refers to oled.o(i.OLED_Init) for OLED_Init
    main.o(i.main) refers to infared.o(i.INFARED_Init) for INFARED_Init
    main.o(i.main) refers to lsens.o(i.Lsens_Init) for Lsens_Init
    main.o(i.main) refers to nec.o(i.NEC_OUT_Init) for NEC_OUT_Init
    main.o(i.main) refers to nec.o(i.NEC_IN_Init) for NEC_IN_Init
    main.o(i.main) refers to oled.o(i.OLED_DISPLAY_CELL) for OLED_DISPLAY_CELL
    main.o(i.main) refers to mcu_api.o(i.wifi_protocol_init) for wifi_protocol_init
    main.o(i.main) refers to key.o(i.KEY_Scanf) for KEY_Scanf
    main.o(i.main) refers to nec.o(i.NEC_Decoding) for NEC_Decoding
    main.o(i.main) refers to main.o(i.wifi_up_nec) for wifi_up_nec
    main.o(i.main) refers to mcu_api.o(i.mcu_get_wifi_work_state) for mcu_get_wifi_work_state
    main.o(i.main) refers to mcu_api.o(i.mcu_dp_bool_update) for mcu_dp_bool_update
    main.o(i.main) refers to mcu_api.o(i.mcu_dp_enum_update) for mcu_dp_enum_update
    main.o(i.main) refers to stm32f10x_gpio.o(i.GPIO_ReadOutputDataBit) for GPIO_ReadOutputDataBit
    main.o(i.main) refers to lsens.o(i.Lsens_Get_Val) for Lsens_Get_Val
    main.o(i.main) refers to mcu_api.o(i.mcu_dp_value_update) for mcu_dp_value_update
    main.o(i.main) refers to dht11.o(i.DHT11_R_data) for DHT11_R_data
    main.o(i.main) refers to oled.o(i.OLED_CTS_DISPLAY) for OLED_CTS_DISPLAY
    main.o(i.main) refers to mcu_api.o(i.wifi_uart_service) for wifi_uart_service
    main.o(i.main) refers to oled.o(i.OLED_DISPLAY_8X16_string) for OLED_DISPLAY_8X16_string
    main.o(i.main) refers to oled.o(i.OLED_DISPLAY_8X16) for OLED_DISPLAY_8X16
    main.o(i.main) refers to beep.o(i.BEEP_1) for BEEP_1
    main.o(i.main) refers to protocol.o(.data) for wifi_flag
    main.o(i.main) refers to nec.o(.data) for Nec_Flag
    main.o(i.main) refers to timer.o(.data) for cnt
    main.o(i.main) refers to dht11.o(.data) for RX_DHT11
    main.o(i.wifi_up_nec) refers to mcu_api.o(i.mcu_dp_string_update) for mcu_dp_string_update
    system_stm32f10x.o(i.SetSysClock) refers to system_stm32f10x.o(i.SetSysClockTo72) for SetSysClockTo72
    system_stm32f10x.o(i.SystemCoreClockUpdate) refers to system_stm32f10x.o(.data) for SystemCoreClock
    system_stm32f10x.o(i.SystemInit) refers to system_stm32f10x.o(i.SetSysClock) for SetSysClock
    startup_stm32f10x_md.o(STACK) refers (Special) to heapauxi.o(.text) for __use_two_region_memory
    startup_stm32f10x_md.o(HEAP) refers (Special) to heapauxi.o(.text) for __use_two_region_memory
    startup_stm32f10x_md.o(RESET) refers (Special) to heapauxi.o(.text) for __use_two_region_memory
    startup_stm32f10x_md.o(RESET) refers to startup_stm32f10x_md.o(STACK) for __initial_sp
    startup_stm32f10x_md.o(RESET) refers to startup_stm32f10x_md.o(.text) for Reset_Handler
    startup_stm32f10x_md.o(RESET) refers to stm32f10x_it.o(i.NMI_Handler) for NMI_Handler
    startup_stm32f10x_md.o(RESET) refers to stm32f10x_it.o(i.HardFault_Handler) for HardFault_Handler
    startup_stm32f10x_md.o(RESET) refers to stm32f10x_it.o(i.MemManage_Handler) for MemManage_Handler
    startup_stm32f10x_md.o(RESET) refers to stm32f10x_it.o(i.BusFault_Handler) for BusFault_Handler
    startup_stm32f10x_md.o(RESET) refers to stm32f10x_it.o(i.UsageFault_Handler) for UsageFault_Handler
    startup_stm32f10x_md.o(RESET) refers to stm32f10x_it.o(i.SVC_Handler) for SVC_Handler
    startup_stm32f10x_md.o(RESET) refers to stm32f10x_it.o(i.DebugMon_Handler) for DebugMon_Handler
    startup_stm32f10x_md.o(RESET) refers to stm32f10x_it.o(i.PendSV_Handler) for PendSV_Handler
    startup_stm32f10x_md.o(RESET) refers to stm32f10x_it.o(i.SysTick_Handler) for SysTick_Handler
    startup_stm32f10x_md.o(RESET) refers to nec.o(i.EXTI3_IRQHandler) for EXTI3_IRQHandler
    startup_stm32f10x_md.o(RESET) refers to timer.o(i.TIM2_IRQHandler) for TIM2_IRQHandler
    startup_stm32f10x_md.o(RESET) refers to usart.o(i.USART1_IRQHandler) for USART1_IRQHandler
    startup_stm32f10x_md.o(RESET) refers to usart3.o(i.USART3_IRQHandler) for USART3_IRQHandler
    startup_stm32f10x_md.o(.text) refers (Special) to heapauxi.o(.text) for __use_two_region_memory
[...]
    ../clib/printf.c                         0x00000000   Number         0  __printf_flags.o ABSOLUTE
    ../clib/printf.c                         0x00000000   Number         0  __printf_ss.o ABSOLUTE
    ../clib/printf.c                         0x00000000   Number         0  __printf_flags_ss.o ABSOLUTE
    ../clib/printf.c                         0x00000000   Number         0  __printf_wp.o ABSOLUTE
    ../clib/printf.c                         0x00000000   Number         0  __printf_flags_wp.o ABSOLUTE
    ../clib/printf.c                         0x00000000   Number         0  __printf_ss_wp.o ABSOLUTE
    ../clib/printf.c                         0x00000000   Number         0  __printf_flags_ss_wp.o ABSOLUTE
    ../clib/printf.c                         0x00000000   Number         0  _printf_wchar.o ABSOLUTE
    ../clib/printf.c                         0x00000000   Number         0  _sputc.o ABSOLUTE
    ../clib/printf.c                         0x00000000   Number         0  _printf_fp_infnan.o ABSOLUTE
    ../clib/printf.c                         0x00000000   Number         0  _printf_char.o ABSOLUTE
    ../clib/printf.c                         0x00000000   Number         0  __printf_nopercent.o ABSOLUTE
    ../clib/printf_percent.s                 0x00000000   Number         0  _printf_c.o ABSOLUTE
    ../clib/printf_percent.s                 0x00000000   Number         0  _printf_s.o ABSOLUTE
    ../clib/printf_percent.s                 0x00000000   Number         0  _printf_n.o ABSOLUTE
    ../clib/printf_percent.s                 0x00000000   Number         0  _printf_lc.o ABSOLUTE
    ../clib/printf_percent.s                 0x00000000   Number         0  _printf_llx.o ABSOLUTE
    ../clib/printf_percent.s                 0x00000000   Number         0  _printf_x.o ABSOLUTE
    ../clib/printf_percent.s                 0x00000000   Number         0  _printf_ls.o ABSOLUTE
    ../clib/printf_percent.s                 0x00000000   Number         0  _printf_p.o ABSOLUTE
    ../clib/printf_percent.s                 0x00000000   Number         0  _printf_o.o ABSOLUTE
    ../clib/printf_percent.s                 0x00000000   Number         0  _printf_i.o ABSOLUTE
    ../clib/printf_percent.s                 0x00000000   Number         0  _printf_d.o ABSOLUTE
    ../clib/printf_percent.s                 0x00000000   Number         0  _printf_llo.o ABSOLUTE
    ../clib/printf_percent.s                 0x00000000   Number         0  _printf_e.o ABSOLUTE
    ../clib/printf_percent.s                 0x00000000   Number         0  _printf_u.o ABSOLUTE
    ../clib/printf_percent.s                 0x00000000   Number         0  _printf_g.o ABSOLUTE
    ../clib/printf_percent.s                 0x00000000   Number         0  _printf_a.o ABSOLUTE
    ../clib/printf_percent.s                 0x00000000   Number         0  _printf_percent.o ABSOLUTE
    ../clib/printf_percent.s                 0x00000000   Number         0  _printf_lli.o ABSOLUTE
    ../clib/printf_percent.s                 0x00000000   Number         0  _printf_lld.o ABSOLUTE
    ../clib/printf_percent.s                 0x00000000   Number         0  _printf_llu.o ABSOLUTE
    ../clib/printf_percent.s                 0x00000000   Number         0  _printf_ll.o ABSOLUTE
    ../clib/printf_percent.s                 0x00000000   Number         0  _printf_percent_end.o ABSOLUTE
    ../clib/printf_percent.s                 0x00000000   Number         0  _printf_l.o ABSOLUTE
    ../clib/printf_percent.s                 0x00000000   Number         0  _printf_f.o ABSOLUTE
    ../clib/signal.c                         0x00000000   Number         0  defsig_pvfn_inner.o ABSOLUTE
    ../clib/signal.c                         0x00000000   Number         0  defsig_cppl_inner.o ABSOLUTE
    ../clib/signal.c                         0x00000000   Number         0  defsig_segv_inner.o ABSOLUTE
    ../clib/signal.c                         0x00000000   Number         0  defsig_other.o ABSOLUTE
    ../clib/signal.c                         0x00000000   Number         0  defsig_rtmem_formal.o ABSOLUTE
    ../clib/signal.c                         0x00000000   Number         0  defsig_rtmem_outer.o ABSOLUTE
    ../clib/signal.c                         0x00000000   Number         0  defsig_exit.o ABSOLUTE
    ../clib/signal.c                         0x00000000   Number         0  defsig_rtmem_inner.o ABSOLUTE
    ../clib/signal.c                         0x00000000   Number         0  __raise.o ABSOLUTE
    ../clib/signal.c                         0x00000000   Number         0  defsig_general.o ABSOLUTE
    ../clib/signal.c                         0x00000000   Number         0  defsig_abrt_inner.o ABSOLUTE
    ../clib/signal.c                         0x00000000   Number         0  defsig_fpe_inner.o ABSOLUTE
    ../clib/signal.c                         0x00000000   Number         0  defsig_rtred_inner.o ABSOLUTE
    ../clib/signal.c                         0x00000000   Number         0  defsig_stak_inner.o ABSOLUTE
    ../clib/signal.s                         0x00000000   Number         0  defsig.o ABSOLUTE
    ../clib/stdlib.c                         0x00000000   Number         0  exit.o ABSOLUTE
    ../clib/string.c                         0x00000000   Number         0  strlen.o ABSOLUTE
    ../fplib/fpinit.s                        0x00000000   Number         0  fpinit.o ABSOLUTE
    ../fplib/istatus.s                       0x00000000   Number         0  istatus.o ABSOLUTE
    ../fplib/printf1.s                       0x00000000   Number         0  printf1.o ABSOLUTE
    ../fplib/usenofp.s                       0x00000000   Number         0  usenofp.o ABSOLUTE
    ../mathlib/fpclassify.c                  0x00000000   Number         0  fpclassify.o ABSOLUTE
    ..\CORE\core_cm3.c                       0x00000000   Number         0  core_cm3.o ABSOLUTE
    ..\CORE\startup_stm32f10x_md.s           0x00000000   Number         0  startup_stm32f10x_md.o ABSOLUTE
    ..\FWLIB\src\misc.c                      0x00000000   Number         0  misc.o ABSOLUTE
    ..\FWLIB\src\stm32f10x_adc.c             0x00000000   Number         0  stm32f10x_adc.o ABSOLUTE
    ..\FWLIB\src\stm32f10x_bkp.c             0x00000000   Number         0  stm32f10x_bkp.o ABSOLUTE
    ..\FWLIB\src\stm32f10x_can.c             0x00000000   Number         0  stm32f10x_can.o ABSOLUTE
    ..\FWLIB\src\stm32f10x_cec.c             0x00000000   Number         0  stm32f10x_cec.o ABSOLUTE
    ..\FWLIB\src\stm32f10x_crc.c             0x00000000   Number         0  stm32f10x_crc.o ABSOLUTE
    ..\FWLIB\src\stm32f10x_dac.c             0x00000000   Number         0  stm32f10x_dac.o ABSOLUTE
    ..\FWLIB\src\stm32f10x_dbgmcu.c          0x00000000   Number         0  stm32f10x_dbgmcu.o ABSOLUTE
    ..\FWLIB\src\stm32f10x_dma.c             0x00000000   Number         0  stm32f10x_dma.o ABSOLUTE
    ..\FWLIB\src\stm32f10x_exti.c            0x00000000   Number         0  stm32f10x_exti.o ABSOLUTE
    ..\FWLIB\src\stm32f10x_flash.c           0x00000000   Number         0  stm32f10x_flash.o ABSOLUTE
    ..\FWLIB\src\stm32f10x_fsmc.c            0x00000000   Number         0  stm32f10x_fsmc.o ABSOLUTE
    ..\FWLIB\src\stm32f10x_gpio.c            0x00000000   Number         0  stm32f10x_gpio.o ABSOLUTE
    ..\FWLIB\src\stm32f10x_i2c.c             0x00000000   Number         0  stm32f10x_i2c.o ABSOLUTE
    ..\FWLIB\src\stm32f10x_iwdg.c            0x00000000   Number         0  stm32f10x_iwdg.o ABSOLUTE
    ..\FWLIB\src\stm32f10x_pwr.c             0x00000000   Number         0  stm32f10x_pwr.o ABSOLUTE
    ..\FWLIB\src\stm32f10x_rcc.c             0x00000000   Number         0  stm32f10x_rcc.o ABSOLUTE
    ..\FWLIB\src\stm32f10x_rtc.c             0x00000000   Number         0  stm32f10x_rtc.o ABSOLUTE
    ..\FWLIB\src\stm32f10x_sdio.c            0x00000000   Number         0  stm32f10x_sdio.o ABSOLUTE
    ..\FWLIB\src\stm32f10x_spi.c             0x00000000   Number         0  stm32f10x_spi.o ABSOLUTE
    ..\FWLIB\src\stm32f10x_tim.c             0x00000000   Number         0  stm32f10x_tim.o ABSOLUTE
    ..\FWLIB\src\stm32f10x_usart.c           0x00000000   Number         0  stm32f10x_usart.o ABSOLUTE
    ..\FWLIB\src\stm32f10x_wwdg.c            0x00000000   Number         0  stm32f10x_wwdg.o ABSOLUTE
    ..\HARDWARE\ADC\adc.c                    0x00000000   Number         0  adc.o ABSOLUTE
    ..\HARDWARE\BEEP\beep.c                  0x00000000   Number         0  beep.o ABSOLUTE
    ..\HARDWARE\DHT11\dht11.c                0x00000000   Number         0  dht11.o ABSOLUTE
    ..\HARDWARE\IIC\iic.c                    0x00000000   Number         0  iic.o ABSOLUTE
    ..\HARDWARE\INFRARED\infared.c           0x00000000   Number         0  infared.o ABSOLUTE
    ..\HARDWARE\KEY\key.c                    0x00000000   Number         0  key.o ABSOLUTE
    ..\HARDWARE\LED\led.c                    0x00000000   Number         0  led.o ABSOLUTE
    ..\HARDWARE\LSENS\lsens.c                0x00000000   Number         0  lsens.o ABSOLUTE
    ..\HARDWARE\NEC\nec.c                    0x00000000   Number         0  nec.o ABSOLUTE
    ..\HARDWARE\OLED\oled.c                  0x00000000   Number         0  oled.o ABSOLUTE
    ..\HARDWARE\RELAY\relay.c                0x00000000   Number         0  relay.o ABSOLUTE
    ..\HARDWARE\TIMER\timer.c                0x00000000   Number         0  timer.o ABSOLUTE
    ..\HARDWARE\USART3\usart3.c              0x00000000   Number         0  usart3.o ABSOLUTE
    ..\HARDWARE\WIFI\mcu_api.c               0x00000000   Number         0  mcu_api.o ABSOLUTE
    ..\HARDWARE\WIFI\protocol.c              0x00000000   Number         0  protocol.o ABSOLUTE
    ..\HARDWARE\WIFI\system.c                0x00000000   Number         0  system.o ABSOLUTE
    ..\SYSTEM\delay\delay.c                  0x00000000   Number         0  delay.o ABSOLUTE
    ..\SYSTEM\sys\sys.c                      0x00000000   Number         0  sys.o ABSOLUTE
    ..\SYSTEM\usart\usart.c                  0x00000000   Number         0  usart.o ABSOLUTE
    ..\\CORE\\core_cm3.c                     0x00000000   Number         0  core_cm3.o ABSOLUTE
    ..\\SYSTEM\\sys\\sys.c                   0x00000000   Number         0  sys.o ABSOLUTE
    dc.s                                     0x00000000   Number         0  dc.o ABSOLUTE
    main.c                                   0x00000000   Number         0  main.o ABSOLUTE
    stm32f10x_it.c                           0x00000000   Number         0  stm32f10x_it.o ABSOLUTE
    system_stm32f10x.c                       0x00000000   Number         0  system_stm32f10x.o ABSOLUTE
    RESET                                    0x08000000   Section      236  startup_stm32f10x_md.o(RESET)
    !!!main                                  0x080000ec   Section        8  __main.o(!!!main)
    !!!scatter                               0x080000f4   Section       52  __scatter.o(!!!scatter)
    !!handler_copy                           0x08000128   Section       26  __scatter_copy.o(!!handler_copy)
    !!handler_zi                             0x08000144   Section       28  __scatter_zi.o(!!handler_zi)
    .ARM.Collect$$libinit$$00000000          0x08000160   Section        2  libinit.o(.ARM.Collect$$libinit$$00000000)
    .ARM.Collect$$libinit$$00000002          0x08000162   Section        0  libinit2.o(.ARM.Collect$$libinit$$00000002)
    .ARM.Collect$$libinit$$00000004          0x08000162   Section        0  libinit2.o(.ARM.Collect$$libinit$$00000004)
    .ARM.Collect$$libinit$$0000000A          0x08000162   Section        0  libinit2.o(.ARM.Collect$$libinit$$0000000A)
    .ARM.Collect$$libinit$$0000000C          0x08000162   Section        0  libinit2.o(.ARM.Collect$$libinit$$0000000C)
    .ARM.Collect$$libinit$$0000000E          0x08000162   Section        0  libinit2.o(.ARM.Collect$$libinit$$0000000E)
    .ARM.Collect$$libinit$$00000011          0x08000162   Section        0  libinit2.o(.ARM.Collect$$libinit$$00000011)
    .ARM.Collect$$libinit$$00000013          0x08000162   Section        0  libinit2.o(.ARM.Collect$$libinit$$00000013)
    .ARM.Collect$$libinit$$00000015          0x08000162   Section        0  libinit2.o(.ARM.Collect$$libinit$$00000015)
    .ARM.Collect$$libinit$$00000017          0x08000162   Section        0  libinit2.o(.ARM.Collect$$libinit$$00000017)
    .ARM.Collect$$libinit$$00000019          0x08000162   Section        0  libinit2.o(.ARM.Collect$$libinit$$00000019)
    .ARM.Collect$$libinit$$0000001B          0x08000162   Section        0  libinit2.o(.ARM.Collect$$libinit$$0000001B)
    .ARM.Collect$$libinit$$0000001D          0x08000162   Section        0  libinit2.o(.ARM.Collect$$libinit$$0000001D)
    .ARM.Collect$$libinit$$0000001F          0x08000162   Section        0  libinit2.o(.ARM.Collect$$libinit$$0000001F)
    .ARM.Collect$$libinit$$00000021          0x08000162   Section        0  libinit2.o(.ARM.Collect$$libinit$$00000021)
    .ARM.Collect$$libinit$$00000023          0x08000162   Section        0  libinit2.o(.ARM.Collect$$libinit$$00000023)
    .ARM.Collect$$libinit$$00000025          0x08000162   Section        0  libinit2.o(.ARM.Collect$$libinit$$00000025)
    .ARM.Collect$$libinit$$0000002C          0x08000162   Section        0  libinit2.o(.ARM.Collect$$libinit$$0000002C)
    .ARM.Collect$$libinit$$0000002E          0x08000162   Section        0  libinit2.o(.ARM.Collect$$libinit$$0000002E)
    .ARM.Collect$$libinit$$00000030          0x08000162   Section        0  libinit2.o(.ARM.Collect$$libinit$$00000030)
    .ARM.Collect$$libinit$$00000032          0x08000162   Section        0  libinit2.o(.ARM.Collect$$libinit$$00000032)
    .ARM.Collect$$libinit$$00000033          0x08000162   Section        2  libinit2.o(.ARM.Collect$$libinit$$00000033)
    .ARM.Collect$$libshutdown$$00000000      0x08000164   Section        2  libshutdown.o(.ARM.Collect$$libshutdown$$00000000)
    .ARM.Collect$$libshutdown$$00000003      0x08000166   Section        0  libshutdown2.o(.ARM.Collect$$libshutdown$$00000003)
    .ARM.Collect$$libshutdown$$00000006      0x08000166   Section        0  libshutdown2.o(.ARM.Collect$$libshutdown$$00000006)
    .ARM.Collect$$libshutdown$$00000009      0x08000166   Section        0  libshutdown2.o(.ARM.Collect$$libshutdown$$00000009)
    .ARM.Collect$$libshutdown$$0000000B      0x08000166   Section        0  libshutdown2.o(.ARM.Collect$$libshutdown$$0000000B)
    .ARM.Collect$$libshutdown$$0000000E      0x08000166   Section        0  libshutdown2.o(.ARM.Collect$$libshutdown$$0000000E)
    .ARM.Collect$$libshutdown$$0000000F      0x08000166   Section        2  libshutdown2.o(.ARM.Collect$$libshutdown$$0000000F)
    .ARM.Collect$$rtentry$$00000000          0x08000168   Section        0  __rtentry.o(.ARM.Collect$$rtentry$$00000000)
    .ARM.Collect$$rtentry$$00000002          0x08000168   Section        0  __rtentry2.o(.ARM.Collect$$rtentry$$00000002)
    .ARM.Collect$$rtentry$$00000004          0x08000168   Section        6  __rtentry4.o(.ARM.Collect$$rtentry$$00000004)
    .ARM.Collect$$rtentry$$00000009          0x0800016e   Section        0  __rtentry2.o(.ARM.Collect$$rtentry$$00000009)
    .ARM.Collect$$rtentry$$0000000A          0x0800016e   Section        4  __rtentry2.o(.ARM.Collect$$rtentry$$0000000A)
    .ARM.Collect$$rtentry$$0000000C          0x08000172   Section        0  __rtentry2.o(.ARM.Collect$$rtentry$$0000000C)
    .ARM.Collect$$rtentry$$0000000D          0x08000172   Section        8  __rtentry2.o(.ARM.Collect$$rtentry$$0000000D)
    .ARM.Collect$$rtexit$$00000000           0x0800017a   Section        2  rtexit.o(.ARM.Collect$$rtexit$$00000000)
    .ARM.Collect$$rtexit$$00000002           0x0800017c   Section        0  rtexit2.o(.ARM.Collect$$rtexit$$00000002)
    .ARM.Collect$$rtexit$$00000003           0x0800017c   Section        4  rtexit2.o(.ARM.Collect$$rtexit$$00000003)
    .ARM.Collect$$rtexit$$00000004           0x08000180   Section        6  rtexit2.o(.ARM.Collect$$rtexit$$00000004)
    .text                                    0x08000188   Section       64  startup_stm32f10x_md.o(.text)
    .text                                    0x080001c8   Section        2  use_no_semi_2.o(.text)
    .text                                    0x080001ca   Section        0  heapauxi.o(.text)
    .text                                    0x080001d0   Section        2  use_no_semi.o(.text)
    .text                                    0x080001d2   Section       74  sys_stackheap_outer.o(.text)
    .text                                    0x0800021c   Section        0  exit.o(.text)
    .text                                    0x08000228   Section        8  libspace.o(.text)
    i.ADC_Cmd                                0x08000230   Section        0  stm32f10x_adc.o(i.ADC_Cmd)
    i.ADC_DeInit                             0x08000248   Section        0  stm32f10x_adc.o(i.ADC_DeInit)
    i.ADC_GetCalibrationStatus               0x080002a4   Section        0  stm32f10x_adc.o(i.ADC_GetCalibrationStatus)
    i.ADC_GetConversionValue                 0x080002b8   Section        0  stm32f10x_adc.o(i.ADC_GetConversionValue)
    i.ADC_GetFlagStatus                      0x080002c0   Section        0  stm32f10x_adc.o(i.ADC_GetFlagStatus)
    i.ADC_GetResetCalibrationStatus          0x080002d2   Section        0  stm32f10x_adc.o(i.ADC_GetResetCalibrationStatus)
    i.ADC_Init                               0x080002e8   Section        0  stm32f10x_adc.o(i.ADC_Init)
    i.ADC_RegularChannelConfig               0x08000338   Section        0  stm32f10x_adc.o(i.ADC_RegularChannelConfig)
    i.ADC_ResetCalibration                   0x080003f0   Section        0  stm32f10x_adc.o(i.ADC_ResetCalibration)
    i.ADC_SoftwareStartConvCmd               0x080003fa   Section        0  stm32f10x_adc.o(i.ADC_SoftwareStartConvCmd)
    i.ADC_StartCalibration                   0x08000410   Section        0  stm32f10x_adc.o(i.ADC_StartCalibration)
    i.Adc1_Init                              0x0800041c   Section        0  adc.o(i.Adc1_Init)
    i.BEEP_1                                 0x08000498   Section        0  beep.o(i.BEEP_1)
    i.BEEP_Init                              0x080004e0   Section        0  beep.o(i.BEEP_Init)
    i.BusFault_Handler                       0x08000514   Section        0  stm32f10x_it.o(i.BusFault_Handler)
    i.DHT11_Init                             0x08000518   Section        0  dht11.o(i.DHT11_Init)
    i.DHT11_R_data                           0x0800056c   Section        0  dht11.o(i.DHT11_R_data)
    i.DebugMon_Handler                       0x080006cc   Section        0  stm32f10x_it.o(i.DebugMon_Handler)
    i.EXTI3_IRQHandler                       0x080006d0   Section        0  nec.o(i.EXTI3_IRQHandler)
    i.EXTI_ClearITPendingBit                 0x08000724   Section        0  stm32f10x_exti.o(i.EXTI_ClearITPendingBit)
    i.EXTI_GetITStatus                       0x08000730   Section        0  stm32f10x_exti.o(i.EXTI_GetITStatus)
    i.EXTI_Init                              0x08000758   Section        0  stm32f10x_exti.o(i.EXTI_Init)
    i.GPIO_EXTILineConfig                    0x080007ec   Section        0  stm32f10x_gpio.o(i.GPIO_EXTILineConfig)
    i.GPIO_Init                              0x0800082c   Section        0  stm32f10x_gpio.o(i.GPIO_Init)
    i.GPIO_ReadOutputDataBit                 0x08000942   Section        0  stm32f10x_gpio.o(i.GPIO_ReadOutputDataBit)
    i.GPIO_ResetBits                         0x08000954   Section        0  stm32f10x_gpio.o(i.GPIO_ResetBits)
    i.GPIO_SetBits                           0x08000958   Section        0  stm32f10x_gpio.o(i.GPIO_SetBits)
    i.Get_Adc1                               0x0800095c   Section        0  adc.o(i.Get_Adc1)
    i.HardFault_Handler                      0x08000990   Section        0  stm32f10x_it.o(i.HardFault_Handler)
    i.IIC_IO_Init                            0x08000994   Section        0  iic.o(i.IIC_IO_Init)
    i.IIC_sand_byte                          0x08000a08   Section        0  iic.o(i.IIC_sand_byte)
    i.IIC_start                              0x08000a50   Section        0  iic.o(i.IIC_start)
    i.IIC_stop                               0x08000a84   Section        0  iic.o(i.IIC_stop)
    i.IIC_wait_ack                           0x08000ab4   Section        0  iic.o(i.IIC_wait_ack)
    i.INFARED_Init                           0x08000af4   Section        0  infared.o(i.INFARED_Init)
    i.KEY_Init                               0x08000b1c   Section        0  key.o(i.KEY_Init)
    i.KEY_Scanf                              0x08000b54   Section        0  key.o(i.KEY_Scanf)
    i.LED_Init                               0x08000bb0   Section        0  led.o(i.LED_Init)
    i.Lsens_Get_Val                          0x08000be8   Section        0  lsens.o(i.Lsens_Get_Val)
    i.Lsens_Init                             0x08000c24   Section        0  lsens.o(i.Lsens_Init)
    i.MemManage_Handler                      0x08000c4c   Section        0  stm32f10x_it.o(i.MemManage_Handler)
    i.NEC_Decoding                           0x08000c50   Section        0  nec.o(i.NEC_Decoding)
    i.NEC_IE_One_Data                        0x08000e44   Section        0  nec.o(i.NEC_IE_One_Data)
    i.NEC_IE_One_Data_Meidi                  0x08000e68   Section        0  nec.o(i.NEC_IE_One_Data_Meidi)
    i.NEC_IE_code_message                    0x08000e90   Section        0  nec.o(i.NEC_IE_code_message)
    i.NEC_IE_code_message_Meidi              0x08000f18   Section        0  nec.o(i.NEC_IE_code_message_Meidi)
    i.NEC_IN_Init                            0x08001054   Section        0  nec.o(i.NEC_IN_Init)
    i.NEC_LEAR_Meidi                         0x080010c4   Section        0  nec.o(i.NEC_LEAR_Meidi)
    i.NEC_OUT_Init                           0x0800111c   Section        0  nec.o(i.NEC_OUT_Init)
    i.NEC_Tx_One                             0x08001150   Section        0  nec.o(i.NEC_Tx_One)
    i.NEC_Tx_Zero                            0x080011a8   Section        0  nec.o(i.NEC_Tx_Zero)
    i.NMI_Handler                            0x08001200   Section        0  stm32f10x_it.o(i.NMI_Handler)
    i.NVIC_Init                              0x08001204   Section        0  misc.o(i.NVIC_Init)
    i.NVIC_PriorityGroupConfig               0x08001274   Section        0  misc.o(i.NVIC_PriorityGroupConfig)
    i.OLED_CTS_DISPLAY                       0x08001288   Section        0  oled.o(i.OLED_CTS_DISPLAY)
    i.OLED_DISPLAY_16x16                     0x080013a0   Section        0  oled.o(i.OLED_DISPLAY_16x16)
    i.OLED_DISPLAY_8X16                      0x0800142c   Section        0  oled.o(i.OLED_DISPLAY_8X16)
    i.OLED_DISPLAY_8X16_string               0x080014bc   Section        0  oled.o(i.OLED_DISPLAY_8X16_string)
    i.OLED_DISPLAY_CELL                      0x080014e8   Section        0  oled.o(i.OLED_DISPLAY_CELL)
    i.OLED_Init                              0x08001520   Section        0  oled.o(i.OLED_Init)
    i.OLED_W_COM                             0x080015d2   Section        0  oled.o(i.OLED_W_COM)
    i.OLED_W_DAT                             0x080015fe   Section        0  oled.o(i.OLED_W_DAT)
    i.PendSV_Handler                         0x0800162a   Section        0  stm32f10x_it.o(i.PendSV_Handler)
    i.RCC_APB1PeriphClockCmd                 0x0800162c   Section        0  stm32f10x_rcc.o(i.RCC_APB1PeriphClockCmd)
    i.RCC_APB1PeriphResetCmd                 0x0800164c   Section        0  stm32f10x_rcc.o(i.RCC_APB1PeriphResetCmd)
    i.RCC_APB2PeriphClockCmd                 0x0800166c   Section        0  stm32f10x_rcc.o(i.RCC_APB2PeriphClockCmd)
    i.RCC_APB2PeriphResetCmd                 0x0800168c   Section        0  stm32f10x_rcc.o(i.RCC_APB2PeriphResetCmd)
    i.RCC_GetClocksFreq                      0x080016ac   Section        0  stm32f10x_rcc.o(i.RCC_GetClocksFreq)
    i.RELAY_Init                             0x08001780   Section        0  relay.o(i.RELAY_Init)
    i.SVC_Handler                            0x080017b4   Section        0  stm32f10x_it.o(i.SVC_Handler)
    i.SetSysClock                            0x080017b6   Section        0  system_stm32f10x.o(i.SetSysClock)
    SetSysClock                              0x080017b7   Thumb Code     8  system_stm32f10x.o(i.SetSysClock)
    i.SetSysClockTo72                        0x080017c0   Section        0  system_stm32f10x.o(i.SetSysClockTo72)
    SetSysClockTo72                          0x080017c1   Thumb Code   214  system_stm32f10x.o(i.SetSysClockTo72)
    i.SysTick_CLKSourceConfig                0x080018a0   Section        0  misc.o(i.SysTick_CLKSourceConfig)
    i.SysTick_Handler                        0x080018c8   Section        0  stm32f10x_it.o(i.SysTick_Handler)
    i.SystemInit                             0x080018cc   Section        0  system_stm32f10x.o(i.SystemInit)
    i.TIM2_IRQHandler                        0x0800192c   Section        0  timer.o(i.TIM2_IRQHandler)
    i.TIM2_Time_Init                         0x08001970   Section        0  timer.o(i.TIM2_Time_Init)
    i.TIM_ClearITPendingBit                  0x080019ce   Section        0  stm32f10x_tim.o(i.TIM_ClearITPendingBit)
    i.TIM_Cmd                                0x080019d4   Section        0  stm32f10x_tim.o(i.TIM_Cmd)
    i.TIM_GetITStatus                        0x080019ec   Section        0  stm32f10x_tim.o(i.TIM_GetITStatus)
    i.TIM_ITConfig                           0x08001a0e   Section        0  stm32f10x_tim.o(i.TIM_ITConfig)
    i.TIM_TimeBaseInit                       0x08001a20   Section        0  stm32f10x_tim.o(i.TIM_TimeBaseInit)
    i.USART1_IRQHandler                      0x08001ac4   Section        0  usart.o(i.USART1_IRQHandler)
    i.USART3_IRQHandler                      0x08001b4c   Section        0  usart3.o(i.USART3_IRQHandler)
    i.USART_Cmd                              0x08001b70   Section        0  stm32f10x_usart.o(i.USART_Cmd)
    i.USART_DeInit                           0x08001b88   Section        0  stm32f10x_usart.o(i.USART_DeInit)
    i.USART_GetFlagStatus                    0x08001c24   Section        0  stm32f10x_usart.o(i.USART_GetFlagStatus)
    i.USART_GetITStatus                      0x08001c3e   Section        0  stm32f10x_usart.o(i.USART_GetITStatus)
    i.USART_ITConfig                         0x08001c92   Section        0  stm32f10x_usart.o(i.USART_ITConfig)
    i.USART_Init                             0x08001cdc   Section        0  stm32f10x_usart.o(i.USART_Init)
    i.USART_ReceiveData                      0x08001db4   Section        0  stm32f10x_usart.o(i.USART_ReceiveData)
    i.USART_SendData                         0x08001dbe   Section        0  stm32f10x_usart.o(i.USART_SendData)
    i.UsageFault_Handler                     0x08001dc6   Section        0  stm32f10x_it.o(i.UsageFault_Handler)
    i._sys_exit                              0x08001dca   Section        0  usart.o(i._sys_exit)
    i.all_data_update                        0x08001dd0   Section        0  protocol.o(i.all_data_update)
    i.byte_to_int                            0x08001e88   Section        0  mcu_api.o(i.byte_to_int)
    i.data_handle                            0x08001ea4   Section        0  system.o(i.data_handle)
    i.data_point_handle                      0x08001f88   Section        0  system.o(i.data_point_handle)
    data_point_handle                        0x08001f89   Thumb Code    70  system.o(i.data_point_handle)
    i.delay_init                             0x08001fd4   Section        0  delay.o(i.delay_init)
    i.delay_ms                               0x08002018   Section        0  delay.o(i.delay_ms)
    i.delay_us                               0x08002064   Section        0  delay.o(i.delay_us)
    i.dp_download_handle                     0x080020b0   Section        0  protocol.o(i.dp_download_handle)
    i.dp_download_ledblue_handle             0x08002170   Section        0  protocol.o(i.dp_download_ledblue_handle)
    dp_download_ledblue_handle               0x08002171   Thumb Code    56  protocol.o(i.dp_download_ledblue_handle)
    i.dp_download_ledred_handle              0x080021ac   Section        0  protocol.o(i.dp_download_ledred_handle)
    dp_download_ledred_handle                0x080021ad   Thumb Code    56  protocol.o(i.dp_download_ledred_handle)
    i.dp_download_maxhum_set_handle          0x080021e8   Section        0  protocol.o(i.dp_download_maxhum_set_handle)
    dp_download_maxhum_set_handle            0x080021e9   Thumb Code    44  protocol.o(i.dp_download_maxhum_set_handle)
    i.dp_download_maxtemp_set_handle         0x08002218   Section        0  protocol.o(i.dp_download_maxtemp_set_handle)
    dp_download_maxtemp_set_handle           0x08002219   Thumb Code    44  protocol.o(i.dp_download_maxtemp_set_handle)
    i.dp_download_minihum_set_handle         0x08002248   Section        0  protocol.o(i.dp_download_minihum_set_handle)
    dp_download_minihum_set_handle           0x08002249   Thumb Code    44  protocol.o(i.dp_download_minihum_set_handle)
    i.dp_download_minitemp_set_handle        0x08002278   Section        0  protocol.o(i.dp_download_minitemp_set_handle)
    dp_download_minitemp_set_handle          0x08002279   Thumb Code    44  protocol.o(i.dp_download_minitemp_set_handle)
    i.dp_download_nec_ir_handle              0x080022a8   Section        0  protocol.o(i.dp_download_nec_ir_handle)
    dp_download_nec_ir_handle                0x080022a9   Thumb Code    28  protocol.o(i.dp_download_nec_ir_handle)
    i.dp_download_nec_it_handle              0x080022c8   Section        0  protocol.o(i.dp_download_nec_it_handle)
    dp_download_nec_it_handle                0x080022c9   Thumb Code    82  protocol.o(i.dp_download_nec_it_handle)
    i.dp_download_relay_handle               0x08002320   Section        0  protocol.o(i.dp_download_relay_handle)
    dp_download_relay_handle                 0x08002321   Thumb Code    44  protocol.o(i.dp_download_relay_handle)
    i.dp_download_wifi_control_handle        0x08002350   Section        0  protocol.o(i.dp_download_wifi_control_handle)
    dp_download_wifi_control_handle          0x08002351   Thumb Code    56  protocol.o(i.dp_download_wifi_control_handle)
    i.get_check_sum                          0x0800238c   Section        0  system.o(i.get_check_sum)
    i.get_dowmload_dpid_index                0x080023a8   Section        0  system.o(i.get_dowmload_dpid_index)
    get_dowmload_dpid_index                  0x080023a9   Thumb Code    40  system.o(i.get_dowmload_dpid_index)
    i.get_download_cmd_total                 0x080023d4   Section        0  protocol.o(i.get_download_cmd_total)
    i.get_mcu_wifi_mode                      0x080023d8   Section        0  system.o(i.get_mcu_wifi_mode)
    get_mcu_wifi_mode                        0x080023d9   Thumb Code    16  system.o(i.get_mcu_wifi_mode)
    i.heat_beat_check                        0x080023e8   Section        0  system.o(i.heat_beat_check)
    heat_beat_check                          0x080023e9   Thumb Code    50  system.o(i.heat_beat_check)
    i.main                                   0x08002420   Section        0  main.o(i.main)
    i.mcu_dp_bool_update                     0x0800277c   Section        0  mcu_api.o(i.mcu_dp_bool_update)
    i.mcu_dp_enum_update                     0x080027e0   Section        0  mcu_api.o(i.mcu_dp_enum_update)
    i.mcu_dp_string_update                   0x08002838   Section        0  mcu_api.o(i.mcu_dp_string_update)
    i.mcu_dp_value_update                    0x080028ac   Section        0  mcu_api.o(i.mcu_dp_value_update)
    i.mcu_get_dp_download_bool               0x08002924   Section        0  mcu_api.o(i.mcu_get_dp_download_bool)
    i.mcu_get_dp_download_value              0x0800292a   Section        0  mcu_api.o(i.mcu_get_dp_download_value)
    i.mcu_get_wifi_work_state                0x08002938   Section        0  mcu_api.o(i.mcu_get_wifi_work_state)
    i.my_memcpy                              0x08002944   Section        0  mcu_api.o(i.my_memcpy)
    i.my_strlen                              0x08002988   Section        0  mcu_api.o(i.my_strlen)
    i.product_info_update                    0x080029a4   Section        0  system.o(i.product_info_update)
    product_info_update                      0x080029a5   Thumb Code   156  system.o(i.product_info_update)
    i.set_wifi_uart_buffer                   0x08002a7c   Section        0  system.o(i.set_wifi_uart_buffer)
    i.set_wifi_uart_byte                     0x08002aa4   Section        0  system.o(i.set_wifi_uart_byte)
    i.take_byte_rxbuff                       0x08002ab4   Section        0  system.o(i.take_byte_rxbuff)
    i.uart_receive_input                     0x08002af0   Section        0  mcu_api.o(i.uart_receive_input)
    i.uart_transmit_output                   0x08002b48   Section        0  protocol.o(i.uart_transmit_output)
    i.usart3_init                            0x08002b68   Section        0  usart3.o(i.usart3_init)
    i.wifi_protocol_init                     0x08002c18   Section        0  mcu_api.o(i.wifi_protocol_init)
    i.wifi_test_result                       0x08002c44   Section        0  protocol.o(i.wifi_test_result)
    i.wifi_uart_service                      0x08002c4c   Section        0  mcu_api.o(i.wifi_uart_service)
    i.wifi_uart_write_data                   0x08002d44   Section        0  system.o(i.wifi_uart_write_data)
    wifi_uart_write_data                     0x08002d45   Thumb Code    36  system.o(i.wifi_uart_write_data)
    i.wifi_uart_write_frame                  0x08002d68   Section        0  system.o(i.wifi_uart_write_frame)
    i.wifi_up_nec                            0x08002db0   Section        0  main.o(i.wifi_up_nec)
    i.with_data_rxbuff                       0x08002dfc   Section        0  system.o(i.with_data_rxbuff)
    .constdata                               0x08002e18   Section     2784  oled.o(.constdata)
    .constdata                               0x080038f8   Section       28  protocol.o(.constdata)
    .data                                    0x20000000   Section       20  system_stm32f10x.o(.data)
    .data                                    0x20000014   Section       20  stm32f10x_rcc.o(.data)
    APBAHBPrescTable                         0x20000014   Data          16  stm32f10x_rcc.o(.data)
    ADCPrescTable                            0x20000024   Data           4  stm32f10x_rcc.o(.data)
    .data                                    0x20000028   Section        5  dht11.o(.data)
    .data                                    0x2000002d   Section        6  nec.o(.data)
    .data                                    0x20000033   Section        2  timer.o(.data)
    .data                                    0x20000036   Section        2  mcu_api.o(.data)
    rx_in                                    0x20000036   Data           2  mcu_api.o(.data)
    .data                                    0x20000038   Section       10  protocol.o(.data)
    .data                                    0x20000044   Section       13  system.o(.data)
    mcu_reset_state                          0x20000050   Data           1  system.o(.data)
    .data                                    0x20000054   Section        6  usart.o(.data)
    .data                                    0x2000005a   Section        4  delay.o(.data)
    fac_us                                   0x2000005a   Data           1  delay.o(.data)
    fac_ms                                   0x2000005c   Data           2  delay.o(.data)
    .bss                                     0x20000060   Section      480  nec.o(.bss)
    .bss                                     0x20000240   Section      109  system.o(.bss)
    .bss                                     0x200002ad   Section      200  usart.o(.bss)
    .bss                                     0x20000378   Section       96  libspace.o(.bss)
    HEAP                                     0x200003d8   Section      512  startup_stm32f10x_md.o(HEAP)
    Heap_Mem                                 0x200003d8   Data         512  startup_stm32f10x_md.o(HEAP)
    STACK                                    0x200005d8   Section     1024  startup_stm32f10x_md.o(STACK)
    Stack_Mem                                0x200005d8   Data        1024  startup_stm32f10x_md.o(STACK)
    __initial_sp                             0x200009d8   Data           0  startup_stm32f10x_md.o(STACK)

    Global Symbols

    Symbol Name                              Value     Ov Type        Size  Object(Section)

    BuildAttributes$$THM_ISAv4$P$D$K$B$S$PE$A:L22UL41UL21$X:L11$S22US41US21$IEEE1$IW$USESV6$~STKCKD$USESV7$~SHL$OTIME$ROPI$IEEEJ$EBA8$UX$STANDARDLIB$REQ8$PRES8$EABIv2 0x00000000   Number         0  anon$$obj.o ABSOLUTE
    __ARM_use_no_argv                        0x00000000   Number         0  main.o ABSOLUTE
    _printf_flags                            0x00000000   Number         0  printf_stubs.o ABSOLUTE
    _printf_return_value                     0x00000000   Number         0  printf_stubs.o ABSOLUTE
    _printf_sizespec                         0x00000000   Number         0  printf_stubs.o ABSOLUTE
    _printf_widthprec                        0x00000000   Number         0  printf_stubs.o ABSOLUTE
    __ARM_exceptions_init                     - Undefined Weak Reference
    __alloca_initialize                       - Undefined Weak Reference
    __arm_preinit_                            - Undefined Weak Reference
    __cpp_initialize__aeabi_                  - Undefined Weak Reference
    __cxa_finalize                            - Undefined Weak Reference
    __sigvec_lookup                           - Undefined Weak Reference
    _atexit_init                              - Undefined Weak Reference
    _call_atexit_fns                          - Undefined Weak Reference
    _clock_init                               - Undefined Weak Reference
    _fp_trap_init                             - Undefined Weak Reference
    _fp_trap_shutdown                         - Undefined Weak Reference
    _get_lc_collate                           - Undefined Weak Reference
    _get_lc_monetary                          - Undefined Weak Reference
    _get_lc_time                              - Undefined Weak Reference
    _getenv_init                              - Undefined Weak Reference
    _handle_redirection                       - Undefined Weak Reference
    _init_alloc                               - Undefined Weak Reference
    _init_user_alloc                          - Undefined Weak Reference
    _initio                                   - Undefined Weak Reference
    _printf_fp_hex                            - Undefined Weak Reference
    _printf_mbtowc                            - Undefined Weak Reference
    _printf_wc                                - Undefined Weak Reference
    _rand_init                                - Undefined Weak Reference
    _signal_finish                            - Undefined Weak Reference
    _signal_init                              - Undefined Weak Reference
    _terminate_alloc                          - Undefined Weak Reference
    _terminate_user_alloc                     - Undefined Weak Reference
    _terminateio                              - Undefined Weak Reference
    __Vectors_Size                           0x000000ec   Number         0  startup_stm32f10x_md.o ABSOLUTE
    __Vectors                                0x08000000   Data           4  startup_stm32f10x_md.o(RESET)
    __Vectors_End                            0x080000ec   Data           0  startup_stm32f10x_md.o(RESET)
    __main                                   0x080000ed   Thumb Code     8  __main.o(!!!main)
    __scatterload                            0x080000f5   Thumb Code     0  __scatter.o(!!!scatter)
    __scatterload_rt2                        0x080000f5   Thumb Code    44  __scatter.o(!!!scatter)
    __scatterload_rt2_thumb_only             0x080000f5   Thumb Code     0  __scatter.o(!!!scatter)
    __scatterload_null                       0x08000103   Thumb Code     0  __scatter.o(!!!scatter)
    __scatterload_copy                       0x08000129   Thumb Code    26  __scatter_copy.o(!!handler_copy)
    __scatterload_zeroinit                   0x08000145   Thumb Code    28  __scatter_zi.o(!!handler_zi)
    __rt_lib_init                            0x08000161   Thumb Code     0  libinit.o(.ARM.Collect$$libinit$$00000000)
    __rt_lib_init_alloca_1                   0x08000163   Thumb Code     0  libinit2.o(.ARM.Collect$$libinit$$0000002E)
    __rt_lib_init_argv_1                     0x08000163   Thumb Code     0  libinit2.o(.ARM.Collect$$libinit$$0000002C)
    __rt_lib_init_atexit_1                   0x08000163   Thumb Code     0  libinit2.o(.ARM.Collect$$libinit$$0000001B)
    __rt_lib_init_clock_1                    0x08000163   Thumb Code     0  libinit2.o(.ARM.Collect$$libinit$$00000021)
    __rt_lib_init_cpp_1                      0x08000163   Thumb Code     0  libinit2.o(.ARM.Collect$$libinit$$00000032)
    __rt_lib_init_exceptions_1               0x08000163   Thumb Code     0  libinit2.o(.ARM.Collect$$libinit$$00000030)
    __rt_lib_init_fp_1                       0x08000163   Thumb Code     0  libinit2.o(.ARM.Collect$$libinit$$00000002)
    __rt_lib_init_fp_trap_1                  0x08000163   Thumb Code     0  libinit2.o(.ARM.Collect$$libinit$$0000001F)
    __rt_lib_init_getenv_1                   0x08000163   Thumb Code     0  libinit2.o(.ARM.Collect$$libinit$$00000023)
    __rt_lib_init_heap_1                     0x08000163   Thumb Code     0  libinit2.o(.ARM.Collect$$libinit$$0000000A)
    __rt_lib_init_lc_collate_1               0x08000163   Thumb Code     0  libinit2.o(.ARM.Collect$$libinit$$00000011)
    __rt_lib_init_lc_ctype_1                 0x08000163   Thumb Code     0  libinit2.o(.ARM.Collect$$libinit$$00000013)
    __rt_lib_init_lc_monetary_1              0x08000163   Thumb Code     0  libinit2.o(.ARM.Collect$$libinit$$00000015)
    __rt_lib_init_lc_numeric_1               0x08000163   Thumb Code     0  libinit2.o(.ARM.Collect$$libinit$$00000017)
    __rt_lib_init_lc_time_1                  0x08000163   Thumb Code     0  libinit2.o(.ARM.Collect$$libinit$$00000019)
    __rt_lib_init_preinit_1                  0x08000163   Thumb Code     0  libinit2.o(.ARM.Collect$$libinit$$00000004)
    __rt_lib_init_rand_1                     0x08000163   Thumb Code     0  libinit2.o(.ARM.Collect$$libinit$$0000000E)
    __rt_lib_init_return                     0x08000163   Thumb Code     0  libinit2.o(.ARM.Collect$$libinit$$00000033)
    __rt_lib_init_signal_1                   0x08000163   Thumb Code     0  libinit2.o(.ARM.Collect$$libinit$$0000001D)
    __rt_lib_init_stdio_1                    0x08000163   Thumb Code     0  libinit2.o(.ARM.Collect$$libinit$$00000025)
    __rt_lib_init_user_alloc_1               0x08000163   Thumb Code     0  libinit2.o(.ARM.Collect$$libinit$$0000000C)
    __rt_lib_shutdown                        0x08000165   Thumb Code     0  libshutdown.o(.ARM.Collect$$libshutdown$$00000000)
    __rt_lib_shutdown_fp_trap_1              0x08000167   Thumb Code     0  libshutdown2.o(.ARM.Collect$$libshutdown$$00000006)
    __rt_lib_shutdown_heap_1                 0x08000167   Thumb Code     0  libshutdown2.o(.ARM.Collect$$libshutdown$$0000000E)
    __rt_lib_shutdown_return                 0x08000167   Thumb Code     0  libshutdown2.o(.ARM.Collect$$libshutdown$$0000000F)
    __rt_lib_shutdown_signal_1               0x08000167   Thumb Code     0  libshutdown2.o(.ARM.Collect$$libshutdown$$00000009)
    __rt_lib_shutdown_stdio_1                0x08000167   Thumb Code     0  libshutdown2.o(.ARM.Collect$$libshutdown$$00000003)
    __rt_lib_shutdown_user_alloc_1           0x08000167   Thumb Code     0  libshutdown2.o(.ARM.Collect$$libshutdown$$0000000B)
    __rt_entry                               0x08000169   Thumb Code     0  __rtentry.o(.ARM.Collect$$rtentry$$00000000)
    __rt_entry_presh_1                       0x08000169   Thumb Code     0  __rtentry2.o(.ARM.Collect$$rtentry$$00000002)
    __rt_entry_sh                            0x08000169   Thumb Code     0  __rtentry4.o(.ARM.Collect$$rtentry$$00000004)
    __rt_entry_li                            0x0800016f   Thumb Code     0  __rtentry2.o(.ARM.Collect$$rtentry$$0000000A)
    __rt_entry_postsh_1                      0x0800016f   Thumb Code     0  __rtentry2.o(.ARM.Collect$$rtentry$$00000009)
    __rt_entry_main                          0x08000173   Thumb Code     0  __rtentry2.o(.ARM.Collect$$rtentry$$0000000D)
    __rt_entry_postli_1                      0x08000173   Thumb Code     0  __rtentry2.o(.ARM.Collect$$rtentry$$0000000C)
    __rt_exit                                0x0800017b   Thumb Code     0  rtexit.o(.ARM.Collect$$rtexit$$00000000)
    __rt_exit_ls                             0x0800017d   Thumb Code     0  rtexit2.o(.ARM.Collect$$rtexit$$00000003)
    __rt_exit_prels_1                        0x0800017d   Thumb Code     0  rtexit2.o(.ARM.Collect$$rtexit$$00000002)
    __rt_exit_exit                           0x08000181   Thumb Code     0  rtexit2.o(.ARM.Collect$$rtexit$$00000004)
    Reset_Handler                            0x08000189   Thumb Code     8  startup_stm32f10x_md.o(.text)
    ADC1_2_IRQHandler                        0x080001a3   Thumb Code     0  startup_stm32f10x_md.o(.text)
    CAN1_RX1_IRQHandler                      0x080001a3   Thumb Code     0  startup_stm32f10x_md.o(.text)
    CAN1_SCE_IRQHandler                      0x080001a3   Thumb Code     0  startup_stm32f10x_md.o(.text)
    DMA1_Channel1_IRQHandler                 0x080001a3   Thumb Code     0  startup_stm32f10x_md.o(.text)
    DMA1_Channel2_IRQHandler                 0x080001a3   Thumb Code     0  startup_stm32f10x_md.o(.text)
    DMA1_Channel3_IRQHandler                 0x080001a3   Thumb Code     0  startup_stm32f10x_md.o(.text)
    DMA1_Channel4_IRQHandler                 0x080001a3   Thumb Code     0  startup_stm32f10x_md.o(.text)
    DMA1_Channel5_IRQHandler                 0x080001a3   Thumb Code     0  startup_stm32f10x_md.o(.text)
    DMA1_Channel6_IRQHandler                 0x080001a3   Thumb Code     0  startup_stm32f10x_md.o(.text)
    DMA1_Channel7_IRQHandler                 0x080001a3   Thumb Code     0  startup_stm32f10x_md.o(.text)
    EXTI0_IRQHandler                         0x080001a3   Thumb Code     0  startup_stm32f10x_md.o(.text)
    EXTI15_10_IRQHandler                     0x080001a3   Thumb Code     0  startup_stm32f10x_md.o(.text)
    EXTI1_IRQHandler                         0x080001a3   Thumb Code     0  startup_stm32f10x_md.o(.text)
    EXTI2_IRQHandler                         0x080001a3   Thumb Code     0  startup_stm32f10x_md.o(.text)
    EXTI4_IRQHandler                         0x080001a3   Thumb Code     0  startup_stm32f10x_md.o(.text)
    EXTI9_5_IRQHandler                       0x080001a3   Thumb Code     0  startup_stm32f10x_md.o(.text)
    FLASH_IRQHandler                         0x080001a3   Thumb Code     0  startup_stm32f10x_md.o(.text)
    I2C1_ER_IRQHandler                       0x080001a3   Thumb Code     0  startup_stm32f10x_md.o(.text)
    I2C1_EV_IRQHandler                       0x080001a3   Thumb Code     0  startup_stm32f10x_md.o(.text)
    I2C2_ER_IRQHandler                       0x080001a3   Thumb Code     0  startup_stm32f10x_md.o(.text)
    I2C2_EV_IRQHandler                       0x080001a3   Thumb Code     0  startup_stm32f10x_md.o(.text)
    PVD_IRQHandler                           0x080001a3   Thumb Code     0  startup_stm32f10x_md.o(.text)
    RCC_IRQHandler                           0x080001a3   Thumb Code     0  startup_stm32f10x_md.o(.text)
    RTCAlarm_IRQHandler                      0x080001a3   Thumb Code     0  startup_stm32f10x_md.o(.text)
    RTC_IRQHandler                           0x080001a3   Thumb Code     0  startup_stm32f10x_md.o(.text)
    SPI1_IRQHandler                          0x080001a3   Thumb Code     0  startup_stm32f10x_md.o(.text)
    SPI2_IRQHandler                          0x080001a3   Thumb Code     0  startup_stm32f10x_md.o(.text)
    TAMPER_IRQHandler                        0x080001a3   Thumb Code     0  startup_stm32f10x_md.o(.text)
    TIM1_BRK_IRQHandler                      0x080001a3   Thumb Code     0  startup_stm32f10x_md.o(.text)
    TIM1_CC_IRQHandler                       0x080001a3   Thumb Code     0  startup_stm32f10x_md.o(.text)
    TIM1_TRG_COM_IRQHandler                  0x080001a3   Thumb Code     0  startup_stm32f10x_md.o(.text)
    TIM1_UP_IRQHandler                       0x080001a3   Thumb Code     0  startup_stm32f10x_md.o(.text)
    TIM3_IRQHandler                          0x080001a3   Thumb Code     0  startup_stm32f10x_md.o(.text)
    TIM4_IRQHandler                          0x080001a3   Thumb Code     0  startup_stm32f10x_md.o(.text)
    USART2_IRQHandler                        0x080001a3   Thumb Code     0  startup_stm32f10x_md.o(.text)
    USBWakeUp_IRQHandler                     0x080001a3   Thumb Code     0  startup_stm32f10x_md.o(.text)
    USB_HP_CAN1_TX_IRQHandler                0x080001a3   Thumb Code     0  startup_stm32f10x_md.o(.text)
    USB_LP_CAN1_RX0_IRQHandler               0x080001a3   Thumb Code     0  startup_stm32f10x_md.o(.text)
    WWDG_IRQHandler                          0x080001a3   Thumb Code     0  startup_stm32f10x_md.o(.text)
    __user_initial_stackheap                 0x080001a5   Thumb Code     0  startup_stm32f10x_md.o(.text)
    __use_no_semihosting                     0x080001c9   Thumb Code     2  use_no_semi_2.o(.text)
    __use_two_region_memory                  0x080001cb   Thumb Code     2  heapauxi.o(.text)
    __rt_heap_escrow$2region                 0x080001cd   Thumb Code     2  heapauxi.o(.text)
    __rt_heap_expand$2region                 0x080001cf   Thumb Code     2  heapauxi.o(.text)
    __I$use$semihosting                      0x080001d1   Thumb Code     0  use_no_semi.o(.text)
    __use_no_semihosting_swi                 0x080001d1   Thumb Code     2  use_no_semi.o(.text)
    __user_setup_stackheap                   0x080001d3   Thumb Code    74  sys_stackheap_outer.o(.text)
    exit                                     0x0800021d   Thumb Code    12  exit.o(.text)
    __user_libspace                          0x08000229   Thumb Code     8  libspace.o(.text)
    __user_perproc_libspace                  0x08000229   Thumb Code     0  libspace.o(.text)
    __user_perthread_libspace                0x08000229   Thumb Code     0  libspace.o(.text)
    ADC_Cmd                                  0x08000231   Thumb Code    22  stm32f10x_adc.o(i.ADC_Cmd)
    ADC_DeInit                               0x08000249   Thumb Code    78  stm32f10x_adc.o(i.ADC_DeInit)
    ADC_GetCalibrationStatus                 0x080002a5   Thumb Code    20  stm32f10x_adc.o(i.ADC_GetCalibrationStatus)
    ADC_GetConversionValue                   0x080002b9   Thumb Code     8  stm32f10x_adc.o(i.ADC_GetConversionValue)
    ADC_GetFlagStatus                        0x080002c1   Thumb Code    18  stm32f10x_adc.o(i.ADC_GetFlagStatus)
    ADC_GetResetCalibrationStatus            0x080002d3   Thumb Code    20  stm32f10x_adc.o(i.ADC_GetResetCalibrationStatus)
    ADC_Init                                 0x080002e9   Thumb Code    70  stm32f10x_adc.o(i.ADC_Init)
    ADC_RegularChannelConfig                 0x08000339   Thumb Code   184  stm32f10x_adc.o(i.ADC_RegularChannelConfig)
    ADC_ResetCalibration                     0x080003f1   Thumb Code    10  stm32f10x_adc.o(i.ADC_ResetCalibration)
    ADC_SoftwareStartConvCmd                 0x080003fb   Thumb Code    22  stm32f10x_adc.o(i.ADC_SoftwareStartConvCmd)
    ADC_StartCalibration                     0x08000411   Thumb Code    10  stm32f10x_adc.o(i.ADC_StartCalibration)
    Adc1_Init                                0x0800041d   Thumb Code   120  adc.o(i.Adc1_Init)
    BEEP_1                                   0x08000499   Thumb Code    62  beep.o(i.BEEP_1)
    BEEP_Init                                0x080004e1   Thumb Code    48  beep.o(i.BEEP_Init)
    BusFault_Handler                         0x08000515   Thumb Code     4  stm32f10x_it.o(i.BusFault_Handler)
    DHT11_Init                               0x08000519   Thumb Code    78  dht11.o(i.DHT11_Init)
    DHT11_R_data                             0x0800056d   Thumb Code   338  dht11.o(i.DHT11_R_data)
    DebugMon_Handler                         0x080006cd   Thumb Code     2  stm32f10x_it.o(i.DebugMon_Handler)
    EXTI3_IRQHandler                         0x080006d1   Thumb Code    74  nec.o(i.EXTI3_IRQHandler)
    EXTI_ClearITPendingBit                   0x08000725   Thumb Code     6  stm32f10x_exti.o(i.EXTI_ClearITPendingBit)
    EXTI_GetITStatus                         0x08000731   Thumb Code    34  stm32f10x_exti.o(i.EXTI_GetITStatus)
    EXTI_Init                                0x08000759   Thumb Code   142  stm32f10x_exti.o(i.EXTI_Init)
    GPIO_EXTILineConfig                      0x080007ed   Thumb Code    60  stm32f10x_gpio.o(i.GPIO_EXTILineConfig)
    GPIO_Init                                0x0800082d   Thumb Code   278  stm32f10x_gpio.o(i.GPIO_Init)
    GPIO_ReadOutputDataBit                   0x08000943   Thumb Code    18  stm32f10x_gpio.o(i.GPIO_ReadOutputDataBit)
    GPIO_ResetBits                           0x08000955   Thumb Code     4  stm32f10x_gpio.o(i.GPIO_ResetBits)
    GPIO_SetBits                             0x08000959   Thumb Code     4  stm32f10x_gpio.o(i.GPIO_SetBits)
    Get_Adc1                                 0x0800095d   Thumb Code    46  adc.o(i.Get_Adc1)
    HardFault_Handler                        0x08000991   Thumb Code     4  stm32f10x_it.o(i.HardFault_Handler)
    IIC_IO_Init                              0x08000995   Thumb Code   110  iic.o(i.IIC_IO_Init)
    IIC_sand_byte                            0x08000a09   Thumb Code    64  iic.o(i.IIC_sand_byte)
    IIC_start                                0x08000a51   Thumb Code    44  iic.o(i.IIC_start)
    IIC_stop                                 0x08000a85   Thumb Code    38  iic.o(i.IIC_stop)
    IIC_wait_ack                             0x08000ab5   Thumb Code    56  iic.o(i.IIC_wait_ack)
    INFARED_Init                             0x08000af5   Thumb Code    34  infared.o(i.INFARED_Init)
    KEY_Init                                 0x08000b1d   Thumb Code    52  key.o(i.KEY_Init)
    KEY_Scanf                                0x08000b55   Thumb Code    84  key.o(i.KEY_Scanf)
    LED_Init                                 0x08000bb1   Thumb Code    50  led.o(i.LED_Init)
    Lsens_Get_Val                            0x08000be9   Thumb Code    60  lsens.o(i.Lsens_Get_Val)
    Lsens_Init                               0x08000c25   Thumb Code    36  lsens.o(i.Lsens_Init)
    MemManage_Handler                        0x08000c4d   Thumb Code     4  stm32f10x_it.o(i.MemManage_Handler)
    NEC_Decoding                             0x08000c51   Thumb Code   482  nec.o(i.NEC_Decoding)
    NEC_IE_One_Data                          0x08000e45   Thumb Code    36  nec.o(i.NEC_IE_One_Data)
    NEC_IE_One_Data_Meidi                    0x08000e69   Thumb Code    38  nec.o(i.NEC_IE_One_Data_Meidi)
    NEC_IE_code_message                      0x08000e91   Thumb Code   128  nec.o(i.NEC_IE_code_message)
    NEC_IE_code_message_Meidi                0x08000f19   Thumb Code   306  nec.o(i.NEC_IE_code_message_Meidi)
    NEC_IN_Init                              0x08001055   Thumb Code   106  nec.o(i.NEC_IN_Init)
    NEC_LEAR_Meidi                           0x080010c5   Thumb Code    80  nec.o(i.NEC_LEAR_Meidi)
    NEC_OUT_Init                             0x0800111d   Thumb Code    46  nec.o(i.NEC_OUT_Init)
    NEC_Tx_One                               0x08001151   Thumb Code    80  nec.o(i.NEC_Tx_One)
    NEC_Tx_Zero                              0x080011a9   Thumb Code    80  nec.o(i.NEC_Tx_Zero)
    NMI_Handler                              0x08001201   Thumb Code     2  stm32f10x_it.o(i.NMI_Handler)
    NVIC_Init                                0x08001205   Thumb Code   100  misc.o(i.NVIC_Init)
    NVIC_PriorityGroupConfig                 0x08001275   Thumb Code    10  misc.o(i.NVIC_PriorityGroupConfig)
    OLED_CTS_DISPLAY                         0x08001289   Thumb Code   264  oled.o(i.OLED_CTS_DISPLAY)
    OLED_DISPLAY_16x16                       0x080013a1   Thumb Code   134  oled.o(i.OLED_DISPLAY_16x16)
    OLED_DISPLAY_8X16                        0x0800142d   Thumb Code   138  oled.o(i.OLED_DISPLAY_8X16)
    OLED_DISPLAY_8X16_string                 0x080014bd   Thumb Code    44  oled.o(i.OLED_DISPLAY_8X16_string)
    OLED_DISPLAY_CELL                        0x080014e9   Thumb Code    56  oled.o(i.OLED_DISPLAY_CELL)
    OLED_Init                                0x08001521   Thumb Code   178  oled.o(i.OLED_Init)
    OLED_W_COM                               0x080015d3   Thumb Code    44  oled.o(i.OLED_W_COM)
    OLED_W_DAT                               0x080015ff   Thumb Code    44  oled.o(i.OLED_W_DAT)
    PendSV_Handler                           0x0800162b   Thumb Code     2  stm32f10x_it.o(i.PendSV_Handler)
    RCC_APB1PeriphClockCmd                   0x0800162d   Thumb Code    26  stm32f10x_rcc.o(i.RCC_APB1PeriphClockCmd)
    RCC_APB1PeriphResetCmd                   0x0800164d   Thumb Code    26  stm32f10x_rcc.o(i.RCC_APB1PeriphResetCmd)
    RCC_APB2PeriphClockCmd                   0x0800166d   Thumb Code    26  stm32f10x_rcc.o(i.RCC_APB2PeriphClockCmd)
    RCC_APB2PeriphResetCmd                   0x0800168d   Thumb Code    26  stm32f10x_rcc.o(i.RCC_APB2PeriphResetCmd)
    RCC_GetClocksFreq                        0x080016ad   Thumb Code   192  stm32f10x_rcc.o(i.RCC_GetClocksFreq)
    RELAY_Init                               0x08001781   Thumb Code    48  relay.o(i.RELAY_Init)
    SVC_Handler                              0x080017b5   Thumb Code     2  stm32f10x_it.o(i.SVC_Handler)
    SysTick_CLKSourceConfig                  0x080018a1   Thumb Code    40  misc.o(i.SysTick_CLKSourceConfig)
    SysTick_Handler                          0x080018c9   Thumb Code     2  stm32f10x_it.o(i.SysTick_Handler)
    SystemInit                               0x080018cd   Thumb Code    78  system_stm32f10x.o(i.SystemInit)
    TIM2_IRQHandler                          0x0800192d   Thumb Code    56  timer.o(i.TIM2_IRQHandler)
    TIM2_Time_Init                           0x08001971   Thumb Code    94  timer.o(i.TIM2_Time_Init)
    TIM_ClearITPendingBit                    0x080019cf   Thumb Code     6  stm32f10x_tim.o(i.TIM_ClearITPendingBit)
    TIM_Cmd                                  0x080019d5   Thumb Code    24  stm32f10x_tim.o(i.TIM_Cmd)
    TIM_GetITStatus                          0x080019ed   Thumb Code    34  stm32f10x_tim.o(i.TIM_GetITStatus)
    TIM_ITConfig                             0x08001a0f   Thumb Code    18  stm32f10x_tim.o(i.TIM_ITConfig)
    TIM_TimeBaseInit                         0x08001a21   Thumb Code   122  stm32f10x_tim.o(i.TIM_TimeBaseInit)
    USART1_IRQHandler                        0x08001ac5   Thumb Code   122  usart.o(i.USART1_IRQHandler)
    USART3_IRQHandler                        0x08001b4d   Thumb Code    30  usart3.o(i.USART3_IRQHandler)
    USART_Cmd                                0x08001b71   Thumb Code    24  stm32f10x_usart.o(i.USART_Cmd)
    USART_DeInit                             0x08001b89   Thumb Code   134  stm32f10x_usart.o(i.USART_DeInit)
    USART_GetFlagStatus                      0x08001c25   Thumb Code    26  stm32f10x_usart.o(i.USART_GetFlagStatus)
    USART_GetITStatus                        0x08001c3f   Thumb Code    84  stm32f10x_usart.o(i.USART_GetITStatus)
    USART_ITConfig                           0x08001c93   Thumb Code    74  stm32f10x_usart.o(i.USART_ITConfig)
    USART_Init                               0x08001cdd   Thumb Code   210  stm32f10x_usart.o(i.USART_Init)
    USART_ReceiveData                        0x08001db5   Thumb Code    10  stm32f10x_usart.o(i.USART_ReceiveData)
    USART_SendData                           0x08001dbf   Thumb Code     8  stm32f10x_usart.o(i.USART_SendData)
    UsageFault_Handler                       0x08001dc7   Thumb Code     4  stm32f10x_it.o(i.UsageFault_Handler)
    _sys_exit                                0x08001dcb   Thumb Code     6  usart.o(i._sys_exit)
    all_data_update                          0x08001dd1   Thumb Code   158  protocol.o(i.all_data_update)
    byte_to_int                              0x08001e89   Thumb Code    26  mcu_api.o(i.byte_to_int)
    data_handle                              0x08001ea5   Thumb Code   210  system.o(i.data_handle)
    delay_init                               0x08001fd5   Thumb Code    50  delay.o(i.delay_init)
    delay_ms                                 0x08002019   Thumb Code    72  delay.o(i.delay_ms)
    delay_us                                 0x08002065   Thumb Code    72  delay.o(i.delay_us)
    dp_download_handle                       0x080020b1   Thumb Code   190  protocol.o(i.dp_download_handle)
    get_check_sum                            0x0800238d   Thumb Code    28  system.o(i.get_check_sum)
    get_download_cmd_total                   0x080023d5   Thumb Code     4  protocol.o(i.get_download_cmd_total)
    main                                     0x08002421   Thumb Code   782  main.o(i.main)
    mcu_dp_bool_update                       0x0800277d   Thumb Code    96  mcu_api.o(i.mcu_dp_bool_update)
    mcu_dp_enum_update                       0x080027e1   Thumb Code    82  mcu_api.o(i.mcu_dp_enum_update)
    mcu_dp_string_update                     0x08002839   Thumb Code   112  mcu_api.o(i.mcu_dp_string_update)
    mcu_dp_value_update                      0x080028ad   Thumb Code   116  mcu_api.o(i.mcu_dp_value_update)
    mcu_get_dp_download_bool                 0x08002925   Thumb Code     6  mcu_api.o(i.mcu_get_dp_download_bool)
    mcu_get_dp_download_value                0x0800292b   Thumb Code    14  mcu_api.o(i.mcu_get_dp_download_value)
    mcu_get_wifi_work_state                  0x08002939   Thumb Code     6  mcu_api.o(i.mcu_get_wifi_work_state)
    my_memcpy                                0x08002945   Thumb Code    68  mcu_api.o(i.my_memcpy)
    my_strlen                                0x08002989   Thumb Code    28  mcu_api.o(i.my_strlen)
    set_wifi_uart_buffer                     0x08002a7d   Thumb Code    34  system.o(i.set_wifi_uart_buffer)
    set_wifi_uart_byte                       0x08002aa5   Thumb Code    12  system.o(i.set_wifi_uart_byte)
    take_byte_rxbuff                         0x08002ab5   Thumb Code    46  system.o(i.take_byte_rxbuff)
    uart_receive_input                       0x08002af1   Thumb Code    74  mcu_api.o(i.uart_receive_input)
    uart_transmit_output                     0x08002b49   Thumb Code    28  protocol.o(i.uart_transmit_output)
    usart3_init                              0x08002b69   Thumb Code   166  usart3.o(i.usart3_init)
    wifi_protocol_init                       0x08002c19   Thumb Code    24  mcu_api.o(i.wifi_protocol_init)
    wifi_test_result                         0x08002c45   Thumb Code     8  protocol.o(i.wifi_test_result)
    wifi_uart_service                        0x08002c4d   Thumb Code   238  mcu_api.o(i.wifi_uart_service)
    wifi_uart_write_frame                    0x08002d69   Thumb Code    68  system.o(i.wifi_uart_write_frame)
    wifi_up_nec                              0x08002db1   Thumb Code    76  main.o(i.wifi_up_nec)
    with_data_rxbuff                         0x08002dfd   Thumb Code    20  system.o(i.with_data_rxbuff)
    F8X16                                    0x08002e18   Data        1536  oled.o(.constdata)
    hanzhi                                   0x08003418   Data         224  oled.o(.constdata)
    BMP                                      0x080034f8   Data        1024  oled.o(.constdata)
    download_cmd                             0x080038f8   Data          28  protocol.o(.constdata)
    Region$$Table$$Base                      0x08003914   Number         0  anon$$obj.o(Region$$Table)
    Region$$Table$$Limit                     0x08003934   Number         0  anon$$obj.o(Region$$Table)
    SystemCoreClock                          0x20000000   Data           4  system_stm32f10x.o(.data)
    AHBPrescTable                            0x20000004   Data          16  system_stm32f10x.o(.data)
    RX_DHT11                                 0x20000028   Data           5  dht11.o(.data)
    Current_bit_CNT                          0x2000002d   Data           1  nec.o(.data)
    Nec_Flag                                 0x2000002e   Data           1  nec.o(.data)
    Mec_Code                                 0x2000002f   Data           4  nec.o(.data)
    cnt                                      0x20000033   Data           1  timer.o(.data)
    dht11_cnt                                0x20000034   Data           1  timer.o(.data)
    wifi_flag                                0x20000038   Data           1  protocol.o(.data)
    temp_max                                 0x2000003a   Data           2  protocol.o(.data)
    temp_min                                 0x2000003c   Data           2  protocol.o(.data)
    rh_max                                   0x2000003e   Data           2  protocol.o(.data)
    rh_min                                   0x20000040   Data           2  protocol.o(.data)
    rx_buf_in                                0x20000044   Data           4  system.o(.data)
    rx_buf_out                               0x20000048   Data           4  system.o(.data)
    stop_update_flag                         0x2000004c   Data           1  system.o(.data)
    reset_wifi_flag                          0x2000004d   Data           1  system.o(.data)
    set_wifimode_flag                        0x2000004e   Data           1  system.o(.data)
    wifi_work_state                          0x2000004f   Data           1  system.o(.data)
    __stdout                                 0x20000054   Data           4  usart.o(.data)
    USART_RX_STA                             0x20000058   Data           2  usart.o(.data)
    Each_bit_duration                        0x20000060   Data         480  nec.o(.bss)
    wifi_data_process_buf                    0x20000240   Data          31  system.o(.bss)
    wifi_uart_rx_buf                         0x2000025f   Data          23  system.o(.bss)
    wifi_uart_tx_buf                         0x20000276   Data          55  system.o(.bss)
    USART_RX_BUF                             0x200002ad   Data         200  usart.o(.bss)
    __libspace_start                         0x20000378   Data          96  libspace.o(.bss)
    __temporary_stack_top$libspace           0x200003d8   Data           0  libspace.o(.bss)



==============================================================================

Memory Map of the image

  Image Entry point : 0x08000189

  Load Region LR_1 (Base: 0x08000000, Size: 0x00003994, Max: 0xffffffff, ABSOLUTE)

    Execution Region ER_RO (Base: 0x08000000, Size: 0x00003934, Max: 0xffffffff, ABSOLUTE)

    Base Addr    Size         Type   Attr      Idx    E Section Name        Object

    0x08000000   0x000000ec   Data   RO          313    RESET               startup_stm32f10x_md.o
    0x080000ec   0x00000008   Code   RO         4180  * !!!main             c_w.l(__main.o)
    0x080000f4   0x00000034   Code   RO         4489    !!!scatter          c_w.l(__scatter.o)
    0x08000128   0x0000001a   Code   RO         4491    !!handler_copy      c_w.l(__scatter_copy.o)
    0x08000142   0x00000002   PAD
    0x08000144   0x0000001c   Code   RO         4493    !!handler_zi        c_w.l(__scatter_zi.o)
    0x08000160   0x00000002   Code   RO         4354    .ARM.Collect$$libinit$$00000000  c_w.l(libinit.o)
    0x08000162   0x00000000   Code   RO         4371    .ARM.Collect$$libinit$$00000002  c_w.l(libinit2.o)
    0x08000162   0x00000000   Code   RO         4373    .ARM.Collect$$libinit$$00000004  c_w.l(libinit2.o)
    0x08000162   0x00000000   Code   RO         4376    .ARM.Collect$$libinit$$0000000A  c_w.l(libinit2.o)
    0x08000162   0x00000000   Code   RO         4378    .ARM.Collect$$libinit$$0000000C  c_w.l(libinit2.o)
    0x08000162   0x00000000   Code   RO         4380    .ARM.Collect$$libinit$$0000000E  c_w.l(libinit2.o)
    0x08000162   0x00000000   Code   RO         4383    .ARM.Collect$$libinit$$00000011  c_w.l(libinit2.o)
    0x08000162   0x00000000   Code   RO         4385    .ARM.Collect$$libinit$$00000013  c_w.l(libinit2.o)
    0x08000162   0x00000000   Code   RO         4387    .ARM.Collect$$libinit$$00000015  c_w.l(libinit2.o)
    0x08000162   0x00000000   Code   RO         4389    .ARM.Collect$$libinit$$00000017  c_w.l(libinit2.o)
    0x08000162   0x00000000   Code   RO         4391    .ARM.Collect$$libinit$$00000019  c_w.l(libinit2.o)
    0x08000162   0x00000000   Code   RO         4393    .ARM.Collect$$libinit$$0000001B  c_w.l(libinit2.o)
    0x08000162   0x00000000   Code   RO         4395    .ARM.Collect$$libinit$$0000001D  c_w.l(libinit2.o)
    0x08000162   0x00000000   Code   RO         4397    .ARM.Collect$$libinit$$0000001F  c_w.l(libinit2.o)
    0x08000162   0x00000000   Code   RO         4399    .ARM.Collect$$libinit$$00000021  c_w.l(libinit2.o)
    0x08000162   0x00000000   Code   RO         4401    .ARM.Collect$$libinit$$00000023  c_w.l(libinit2.o)
    0x08000162   0x00000000   Code   RO         4403    .ARM.Collect$$libinit$$00000025  c_w.l(libinit2.o)
    0x08000162   0x00000000   Code   RO         4407    .ARM.Collect$$libinit$$0000002C  c_w.l(libinit2.o)
    0x08000162   0x00000000   Code   RO         4409    .ARM.Collect$$libinit$$0000002E  c_w.l(libinit2.o)
    0x08000162   0x00000000   Code   RO         4411    .ARM.Collect$$libinit$$00000030  c_w.l(libinit2.o)
    0x08000162   0x00000000   Code   RO         4413    .ARM.Collect$$libinit$$00000032  c_w.l(libinit2.o)
    0x08000162   0x00000002   Code   RO         4414    .ARM.Collect$$libinit$$00000033  c_w.l(libinit2.o)
    0x08000164   0x00000002   Code   RO         4432    .ARM.Collect$$libshutdown$$00000000  c_w.l(libshutdown.o)
    0x08000166   0x00000000   Code   RO         4443    .ARM.Collect$$libshutdown$$00000003  c_w.l(libshutdown2.o)
    0x08000166   0x00000000   Code   RO         4446    .ARM.Collect$$libshutdown$$00000006  c_w.l(libshutdown2.o)
    0x08000166   0x00000000   Code   RO         4449    .ARM.Collect$$libshutdown$$00000009  c_w.l(libshutdown2.o)
    0x08000166   0x00000000   Code   RO         4451    .ARM.Collect$$libshutdown$$0000000B  c_w.l(libshutdown2.o)
    0x08000166   0x00000000   Code   RO         4454    .ARM.Collect$$libshutdown$$0000000E  c_w.l(libshutdown2.o)
    0x08000166   0x00000002   Code   RO         4455    .ARM.Collect$$libshutdown$$0000000F  c_w.l(libshutdown2.o)
    0x08000168   0x00000000   Code   RO         4184    .ARM.Collect$$rtentry$$00000000  c_w.l(__rtentry.o)
    0x08000168   0x00000000   Code   RO         4279    .ARM.Collect$$rtentry$$00000002  c_w.l(__rtentry2.o)
    0x08000168   0x00000006   Code   RO         4291    .ARM.Collect$$rtentry$$00000004  c_w.l(__rtentry4.o)
    0x0800016e   0x00000000   Code   RO         4281    .ARM.Collect$$rtentry$$00000009  c_w.l(__rtentry2.o)
    0x0800016e   0x00000004   Code   RO         4282    .ARM.Collect$$rtentry$$0000000A  c_w.l(__rtentry2.o)
    0x08000172   0x00000000   Code   RO         4284    .ARM.Collect$$rtentry$$0000000C  c_w.l(__rtentry2.o)
    0x08000172   0x00000008   Code   RO         4285    .ARM.Collect$$rtentry$$0000000D  c_w.l(__rtentry2.o)
    0x0800017a   0x00000002   Code   RO         4363    .ARM.Collect$$rtexit$$00000000  c_w.l(rtexit.o)
    0x0800017c   0x00000000   Code   RO         4416    .ARM.Collect$$rtexit$$00000002  c_w.l(rtexit2.o)
    0x0800017c   0x00000004   Code   RO         4417    .ARM.Collect$$rtexit$$00000003  c_w.l(rtexit2.o)
    0x08000180   0x00000006   Code   RO         4418    .ARM.Collect$$rtexit$$00000004  c_w.l(rtexit2.o)
    0x08000186   0x00000002   PAD
    0x08000188   0x00000040   Code   RO          314  * .text               startup_stm32f10x_md.o
    0x080001c8   0x00000002   Code   RO         4172    .text               c_w.l(use_no_semi_2.o)
    0x080001ca   0x00000006   Code   RO         4178    .text               c_w.l(heapauxi.o)
    0x080001d0   0x00000002   Code   RO         4182    .text               c_w.l(use_no_semi.o)
    0x080001d2   0x0000004a   Code   RO         4308    .text               c_w.l(sys_stackheap_outer.o)
    0x0800021c   0x0000000c   Code   RO         4347    .text               c_w.l(exit.o)
    0x08000228   0x00000008   Code   RO         4360    .text               c_w.l(libspace.o)
    0x08000230   0x00000016   Code   RO         1588    i.ADC_Cmd           stm32f10x_adc.o
    0x08000246   0x00000002   PAD
    0x08000248   0x0000005c   Code   RO         1590    i.ADC_DeInit        stm32f10x_adc.o
    0x080002a4   0x00000014   Code   RO         1596    i.ADC_GetCalibrationStatus  stm32f10x_adc.o
    0x080002b8   0x00000008   Code   RO         1597    i.ADC_GetConversionValue  stm32f10x_adc.o
    0x080002c0   0x00000012   Code   RO         1599    i.ADC_GetFlagStatus  stm32f10x_adc.o
    0x080002d2   0x00000014   Code   RO         1602    i.ADC_GetResetCalibrationStatus  stm32f10x_adc.o
    0x080002e6   0x00000002   PAD
    0x080002e8   0x00000050   Code   RO         1606    i.ADC_Init          stm32f10x_adc.o
    0x08000338   0x000000b8   Code   RO         1610    i.ADC_RegularChannelConfig  stm32f10x_adc.o
    0x080003f0   0x0000000a   Code   RO         1611    i.ADC_ResetCalibration  stm32f10x_adc.o
    0x080003fa   0x00000016   Code   RO         1613    i.ADC_SoftwareStartConvCmd  stm32f10x_adc.o
    0x08000410   0x0000000a   Code   RO         1615    i.ADC_StartCalibration  stm32f10x_adc.o
    0x0800041a   0x00000002   PAD
    0x0800041c   0x0000007c   Code   RO         3565    i.Adc1_Init         adc.o
    0x08000498   0x00000048   Code   RO         3315    i.BEEP_1            beep.o
    0x080004e0   0x00000034   Code   RO         3316    i.BEEP_Init         beep.o
    0x08000514   0x00000004   Code   RO          177    i.BusFault_Handler  stm32f10x_it.o
    0x08000518   0x00000054   Code   RO         3511    i.DHT11_Init        dht11.o
    0x0800056c   0x00000160   Code   RO         3512    i.DHT11_R_data      dht11.o
    0x080006cc   0x00000002   Code   RO          178    i.DebugMon_Handler  stm32f10x_it.o
    0x080006ce   0x00000002   PAD
    0x080006d0   0x00000054   Code   RO         3583    i.EXTI3_IRQHandler  nec.o
    0x08000724   0x0000000c   Code   RO         1805    i.EXTI_ClearITPendingBit  stm32f10x_exti.o
    0x08000730   0x00000028   Code   RO         1809    i.EXTI_GetITStatus  stm32f10x_exti.o
    0x08000758   0x00000094   Code   RO         1810    i.EXTI_Init         stm32f10x_exti.o
    0x080007ec   0x00000040   Code   RO          357    i.GPIO_EXTILineConfig  stm32f10x_gpio.o
    0x0800082c   0x00000116   Code   RO          360    i.GPIO_Init         stm32f10x_gpio.o
    0x08000942   0x00000012   Code   RO          366    i.GPIO_ReadOutputDataBit  stm32f10x_gpio.o
    0x08000954   0x00000004   Code   RO          367    i.GPIO_ResetBits    stm32f10x_gpio.o
    0x08000958   0x00000004   Code   RO          368    i.GPIO_SetBits      stm32f10x_gpio.o
    0x0800095c   0x00000034   Code   RO         3566    i.Get_Adc1          adc.o
    0x08000990   0x00000004   Code   RO          179    i.HardFault_Handler  stm32f10x_it.o
    0x08000994   0x00000074   Code   RO         3355    i.IIC_IO_Init       iic.o
    0x08000a08   0x00000048   Code   RO         3359    i.IIC_sand_byte     iic.o
    0x08000a50   0x00000034   Code   RO         3360    i.IIC_start         iic.o
    0x08000a84   0x00000030   Code   RO         3361    i.IIC_stop          iic.o
    0x08000ab4   0x00000040   Code   RO         3362    i.IIC_wait_ack      iic.o
    0x08000af4   0x00000028   Code   RO         3535    i.INFARED_Init      infared.o
    0x08000b1c   0x00000038   Code   RO         3297    i.KEY_Init          key.o
    0x08000b54   0x0000005c   Code   RO         3298    i.KEY_Scanf         key.o
    0x08000bb0   0x00000038   Code   RO         3285    i.LED_Init          led.o
    0x08000be8   0x0000003c   Code   RO         3547    i.Lsens_Get_Val     lsens.o
    0x08000c24   0x00000028   Code   RO         3548    i.Lsens_Init        lsens.o
    0x08000c4c   0x00000004   Code   RO          180    i.MemManage_Handler  stm32f10x_it.o
    0x08000c50   0x000001f4   Code   RO         3584    i.NEC_Decoding      nec.o
    0x08000e44   0x00000024   Code   RO         3585    i.NEC_IE_One_Data   nec.o
    0x08000e68   0x00000026   Code   RO         3586    i.NEC_IE_One_Data_Meidi  nec.o
    0x08000e8e   0x00000002   PAD
    0x08000e90   0x00000088   Code   RO         3587    i.NEC_IE_code_message  nec.o
    0x08000f18   0x0000013c   Code   RO         3588    i.NEC_IE_code_message_Meidi  nec.o
    0x08001054   0x00000070   Code   RO         3589    i.NEC_IN_Init       nec.o
    0x080010c4   0x00000058   Code   RO         3590    i.NEC_LEAR_Meidi    nec.o
    0x0800111c   0x00000034   Code   RO         3591    i.NEC_OUT_Init      nec.o
    0x08001150   0x00000058   Code   RO         3592    i.NEC_Tx_One        nec.o
    0x080011a8   0x00000058   Code   RO         3593    i.NEC_Tx_Zero       nec.o
    0x08001200   0x00000002   Code   RO          181    i.NMI_Handler       stm32f10x_it.o
    0x08001202   0x00000002   PAD
    0x08001204   0x00000070   Code   RO          318    i.NVIC_Init         misc.o
    0x08001274   0x00000014   Code   RO          319    i.NVIC_PriorityGroupConfig  misc.o
    0x08001288   0x00000118   Code   RO         3409    i.OLED_CTS_DISPLAY  oled.o
    0x080013a0   0x0000008c   Code   RO         3412    i.OLED_DISPLAY_16x16  oled.o
    0x0800142c   0x00000090   Code   RO         3413    i.OLED_DISPLAY_8X16  oled.o
    0x080014bc   0x0000002c   Code   RO         3414    i.OLED_DISPLAY_8X16_string  oled.o
    0x080014e8   0x00000038   Code   RO         3415    i.OLED_DISPLAY_CELL  oled.o
    0x08001520   0x000000b2   Code   RO         3420    i.OLED_Init         oled.o
    0x080015d2   0x0000002c   Code   RO         3421    i.OLED_W_COM        oled.o
    0x080015fe   0x0000002c   Code   RO         3422    i.OLED_W_DAT        oled.o
    0x0800162a   0x00000002   Code   RO          182    i.PendSV_Handler    stm32f10x_it.o
    0x0800162c   0x00000020   Code   RO          470    i.RCC_APB1PeriphClockCmd  stm32f10x_rcc.o
    0x0800164c   0x00000020   Code   RO          471    i.RCC_APB1PeriphResetCmd  stm32f10x_rcc.o
    0x0800166c   0x00000020   Code   RO          472    i.RCC_APB2PeriphClockCmd  stm32f10x_rcc.o
    0x0800168c   0x00000020   Code   RO          473    i.RCC_APB2PeriphResetCmd  stm32f10x_rcc.o
    0x080016ac   0x000000d4   Code   RO          480    i.RCC_GetClocksFreq  stm32f10x_rcc.o
    0x08001780   0x00000034   Code   RO         3343    i.RELAY_Init        relay.o
    0x080017b4   0x00000002   Code   RO          183    i.SVC_Handler       stm32f10x_it.o
    0x080017b6   0x00000008   Code   RO          266    i.SetSysClock       system_stm32f10x.o
    0x080017be   0x00000002   PAD
    0x080017c0   0x000000e0   Code   RO          267    i.SetSysClockTo72   system_stm32f10x.o
    0x080018a0   0x00000028   Code   RO          322    i.SysTick_CLKSourceConfig  misc.o
    0x080018c8   0x00000002   Code   RO          184    i.SysTick_Handler   stm32f10x_it.o
    0x080018ca   0x00000002   PAD
    0x080018cc   0x00000060   Code   RO          269    i.SystemInit        system_stm32f10x.o
    0x0800192c   0x00000044   Code   RO         3662    i.TIM2_IRQHandler   timer.o
    0x08001970   0x0000005e   Code   RO         3663    i.TIM2_Time_Init    timer.o
    0x080019ce   0x00000006   Code   RO          865    i.TIM_ClearITPendingBit  stm32f10x_tim.o
    0x080019d4   0x00000018   Code   RO          870    i.TIM_Cmd           stm32f10x_tim.o
    0x080019ec   0x00000022   Code   RO          891    i.TIM_GetITStatus   stm32f10x_tim.o
    0x08001a0e   0x00000012   Code   RO          895    i.TIM_ITConfig      stm32f10x_tim.o
    0x08001a20   0x000000a4   Code   RO          941    i.TIM_TimeBaseInit  stm32f10x_tim.o
    0x08001ac4   0x00000088   Code   RO         4075    i.USART1_IRQHandler  usart.o
    0x08001b4c   0x00000024   Code   RO         3686    i.USART3_IRQHandler  usart3.o
    0x08001b70   0x00000018   Code   RO         1406    i.USART_Cmd         stm32f10x_usart.o
    0x08001b88   0x0000009c   Code   RO         1408    i.USART_DeInit      stm32f10x_usart.o
    0x08001c24   0x0000001a   Code   RO         1409    i.USART_GetFlagStatus  stm32f10x_usart.o
    0x08001c3e   0x00000054   Code   RO         1410    i.USART_GetITStatus  stm32f10x_usart.o
    0x08001c92   0x0000004a   Code   RO         1412    i.USART_ITConfig    stm32f10x_usart.o
    0x08001cdc   0x000000d8   Code   RO         1413    i.USART_Init        stm32f10x_usart.o
    0x08001db4   0x0000000a   Code   RO         1420    i.USART_ReceiveData  stm32f10x_usart.o
    0x08001dbe   0x00000008   Code   RO         1423    i.USART_SendData    stm32f10x_usart.o
    0x08001dc6   0x00000004   Code   RO          185    i.UsageFault_Handler  stm32f10x_it.o
    0x08001dca   0x00000006   Code   RO         4076    i._sys_exit         usart.o
    0x08001dd0   0x000000b8   Code   RO         3896    i.all_data_update   protocol.o
    0x08001e88   0x0000001a   Code   RO         3724    i.byte_to_int       mcu_api.o
    0x08001ea2   0x00000002   PAD
    0x08001ea4   0x000000e4   Code   RO         3989    i.data_handle       system.o
    0x08001f88   0x0000004c   Code   RO         3990    i.data_point_handle  system.o
    0x08001fd4   0x00000044   Code   RO         4144    i.delay_init        delay.o
    0x08002018   0x0000004c   Code   RO         4145    i.delay_ms          delay.o
    0x08002064   0x0000004c   Code   RO         4146    i.delay_us          delay.o
    0x080020b0   0x000000be   Code   RO         3897    i.dp_download_handle  protocol.o
    0x0800216e   0x00000002   PAD
    0x08002170   0x0000003c   Code   RO         3898    i.dp_download_ledblue_handle  protocol.o
    0x080021ac   0x0000003c   Code   RO         3899    i.dp_download_ledred_handle  protocol.o
    0x080021e8   0x00000030   Code   RO         3900    i.dp_download_maxhum_set_handle  protocol.o
    0x08002218   0x00000030   Code   RO         3901    i.dp_download_maxtemp_set_handle  protocol.o
    0x08002248   0x00000030   Code   RO         3902    i.dp_download_minihum_set_handle  protocol.o
    0x08002278   0x00000030   Code   RO         3903    i.dp_download_minitemp_set_handle  protocol.o
    0x080022a8   0x00000020   Code   RO         3904    i.dp_download_nec_ir_handle  protocol.o
    0x080022c8   0x00000058   Code   RO         3905    i.dp_download_nec_it_handle  protocol.o
    0x08002320   0x00000030   Code   RO         3906    i.dp_download_relay_handle  protocol.o
    0x08002350   0x0000003c   Code   RO         3907    i.dp_download_wifi_control_handle  protocol.o
    0x0800238c   0x0000001c   Code   RO         3991    i.get_check_sum     system.o
    0x080023a8   0x0000002c   Code   RO         3992    i.get_dowmload_dpid_index  system.o
    0x080023d4   0x00000004   Code   RO         3908    i.get_download_cmd_total  protocol.o
    0x080023d8   0x00000010   Code   RO         3993    i.get_mcu_wifi_mode  system.o
    0x080023e8   0x00000038   Code   RO         3994    i.heat_beat_check   system.o
    0x08002420   0x0000035c   Code   RO            1    i.main              main.o
    0x0800277c   0x00000064   Code   RO         3727    i.mcu_dp_bool_update  mcu_api.o
    0x080027e0   0x00000058   Code   RO         3728    i.mcu_dp_enum_update  mcu_api.o
    0x08002838   0x00000074   Code   RO         3731    i.mcu_dp_string_update  mcu_api.o
    0x080028ac   0x00000078   Code   RO         3732    i.mcu_dp_value_update  mcu_api.o
    0x08002924   0x00000006   Code   RO         3733    i.mcu_get_dp_download_bool  mcu_api.o
    0x0800292a   0x0000000e   Code   RO         3735    i.mcu_get_dp_download_value  mcu_api.o
    0x08002938   0x0000000c   Code   RO         3737    i.mcu_get_wifi_work_state  mcu_api.o
    0x08002944   0x00000044   Code   RO         3742    i.my_memcpy         mcu_api.o
    0x08002988   0x0000001c   Code   RO         3746    i.my_strlen         mcu_api.o
    0x080029a4   0x000000d8   Code   RO         3995    i.product_info_update  system.o
    0x08002a7c   0x00000028   Code   RO         3996    i.set_wifi_uart_buffer  system.o
    0x08002aa4   0x00000010   Code   RO         3997    i.set_wifi_uart_byte  system.o
    0x08002ab4   0x0000003c   Code   RO         3998    i.take_byte_rxbuff  system.o
    0x08002af0   0x00000058   Code   RO         3748    i.uart_receive_input  mcu_api.o
    0x08002b48   0x00000020   Code   RO         3909    i.uart_transmit_output  protocol.o
    0x08002b68   0x000000b0   Code   RO         3688    i.usart3_init       usart3.o
    0x08002c18   0x0000002c   Code   RO         3749    i.wifi_protocol_init  mcu_api.o
    0x08002c44   0x00000008   Code   RO         3910    i.wifi_test_result  protocol.o
    0x08002c4c   0x000000f8   Code   RO         3750    i.wifi_uart_service  mcu_api.o
    0x08002d44   0x00000024   Code   RO         3999    i.wifi_uart_write_data  system.o
    0x08002d68   0x00000048   Code   RO         4000    i.wifi_uart_write_frame  system.o
    0x08002db0   0x0000004c   Code   RO            2    i.wifi_up_nec       main.o
    0x08002dfc   0x0000001c   Code   RO         4001    i.with_data_rxbuff  system.o
    0x08002e18   0x00000ae0   Data   RO         3423    .constdata          oled.o
    0x080038f8   0x0000001c   Data   RO         3911    .constdata          protocol.o
    0x08003914   0x00000020   Data   RO         4487    Region$$Table       anon$$obj.o


    Execution Region ER_RW (Base: 0x20000000, Size: 0x00000060, Max: 0xffffffff, ABSOLUTE)

    Base Addr    Size         Type   Attr      Idx    E Section Name        Object

    0x20000000   0x00000014   Data   RW          270    .data               system_stm32f10x.o
    0x20000014   0x00000014   Data   RW          500    .data               stm32f10x_rcc.o
    0x20000028   0x00000005   Data   RW         3513    .data               dht11.o
    0x2000002d   0x00000006   Data   RW         3595    .data               nec.o
    0x20000033   0x00000002   Data   RW         3664    .data               timer.o
    0x20000035   0x00000001   PAD
    0x20000036   0x00000002   Data   RW         3751    .data               mcu_api.o
    0x20000038   0x0000000a   Data   RW         3912    .data               protocol.o
    0x20000042   0x00000002   PAD
    0x20000044   0x0000000d   Data   RW         4003    .data               system.o
    0x20000051   0x00000003   PAD
    0x20000054   0x00000006   Data   RW         4080    .data               usart.o
    0x2000005a   0x00000004   Data   RW         4147    .data               delay.o


    Execution Region ER_ZI (Base: 0x20000060, Size: 0x00000978, Max: 0xffffffff, ABSOLUTE)

    Base Addr    Size         Type   Attr      Idx    E Section Name        Object

    0x20000060   0x000001e0   Zero   RW         3594    .bss                nec.o
    0x20000240   0x0000006d   Zero   RW         4002    .bss                system.o
    0x200002ad   0x000000c8   Zero   RW         4079    .bss                usart.o
    0x20000375   0x00000003   PAD
    0x20000378   0x00000060   Zero   RW         4361    .bss                c_w.l(libspace.o)
    0x200003d8   0x00000200   Zero   RW          312    HEAP                startup_stm32f10x_md.o
    0x200005d8   0x00000400   Zero   RW          311    STACK               startup_stm32f10x_md.o


==============================================================================

Image component sizes


      Code (inc. data)   RO Data    RW Data    ZI Data      Debug   Object Name

       176         10          0          0          0       1127   adc.o
       124         14          0          0          0       1077   beep.o
         0          0          0          0          0         32   core_cm3.o
       220         26          0          4          0       1779   delay.o
       436         20          0          5          0       2179   dht11.o
       352         40          0          0          0       2592   iic.o
        40          6          0          0          0        519   infared.o
       148         12          0          0          0       1067   key.o
        56          6          0          0          0        499   led.o
       100          4          0          0          0       1101   lsens.o
       936         84          0          0          0     265521   main.o
       958         68          0          2          0       8584   mcu_api.o
       172         22          0          0          0       2049   misc.o
      1538         82          0          6        480       7813   nec.o
       930         28       2784          0          0       6708   oled.o
       958         72         28         10          0      11467   protocol.o
        52          4          0          0          0        509   relay.o
        64         26        236          0       1536        804   startup_stm32f10x_md.o
       486         24          0          0          0       8506   stm32f10x_adc.o
       200         18          0          0          0       2088   stm32f10x_exti.o
       368          4          0          0          0       4239   stm32f10x_gpio.o
        26          0          0          0          0       3898   stm32f10x_it.o
       340         44          0         20          0       5592   stm32f10x_rcc.o
       246         42          0          0          0       3534   stm32f10x_tim.o
       598         28          0          0          0       6684   stm32f10x_usart.o
       916        146          0         13        109      10190   system.o
       328         28          0         20          0       2185   system_stm32f10x.o
       162         12          0          2          0       1375   timer.o
       142         14          0          6        200       3012   usart.o
       212         16          0          0          0       1254   usart3.o

    ----------------------------------------------------------------------
     11304        900       3080         96       2328     367984   Object Totals
         0          0         32          0          0          0   (incl. Generated)
        20          0          0          8          3          0   (incl. Padding)

    ----------------------------------------------------------------------

      Code (inc. data)   RO Data    RW Data    ZI Data      Debug   Library Member Name

         8          0          0          0          0         68   __main.o
         0          0          0          0          0          0   __rtentry.o
        12          0          0          0          0          0   __rtentry2.o
         6          0          0          0          0          0   __rtentry4.o
        52          8          0          0          0          0   __scatter.o
        26          0          0          0          0          0   __scatter_copy.o
        28          0          0          0          0          0   __scatter_zi.o
        12          0          0          0          0         72   exit.o
         6          0          0          0          0        152   heapauxi.o
         2          0          0          0          0          0   libinit.o
         2          0          0          0          0          0   libinit2.o
         2          0          0          0          0          0   libshutdown.o
         2          0          0          0          0          0   libshutdown2.o
         8          4          0          0         96         68   libspace.o
         2          0          0          0          0          0   rtexit.o
        10          0          0          0          0          0   rtexit2.o
        74          0          0          0          0         80   sys_stackheap_outer.o
         2          0          0          0          0         68   use_no_semi.o
         2          0          0          0          0         68   use_no_semi_2.o

    ----------------------------------------------------------------------
       260         12          0          0         96        576   Library Totals
         4          0          0          0          0          0   (incl. Padding)

    ----------------------------------------------------------------------

      Code (inc. data)   RO Data    RW Data    ZI Data      Debug   Library Name

       256         12          0          0         96        576   c_w.l

    ----------------------------------------------------------------------
       260         12          0          0         96        576   Library Totals

    ----------------------------------------------------------------------

==============================================================================


      Code (inc. data)   RO Data    RW Data    ZI Data      Debug   

     11564        912       3080         96       2424     361328   Grand Totals
     11564        912       3080         96       2424     361328   ELF Image Totals
     11564        912       3080         96          0          0   ROM Totals

==============================================================================

    Total RO  Size (Code + RO Data)                14644 (  14.30kB)
    Total RW  Size (RW Data + ZI Data)              2520 (   2.46kB)
    Total ROM Size (Code + RO Data + RW Data)      14740 (  14.39kB)

==============================================================================

