<html>
<body>
<pre>
<h1>µVision Build Log</h1>
<h2>Tool Versions:</h2>
IDE-Version: ¦ÌVision V5.20.0.39
Copyright (C) 2016 ARM Ltd and ARM Germany GmbH. All rights reserved.
License Information: 1 Tom, 1, LIC=ZB4EI-TD0BU-2ZPW4-FZ1V4-QR67M-4NX90
 
Tool Versions:
Toolchain:       MDK-ARM Plus  Version: 5.14.0.0
Toolchain Path:  D:\install\Keil_v5\ARM\ARMCC\Bin
C Compiler:      Armcc.exe V5.05 update 1 (build 106)
Assembler:       Armasm.exe V5.05 update 1 (build 106)
Linker/Locator:  ArmLink.exe V5.05 update 1 (build 106)
Library Manager: ArmAr.exe V5.05 update 1 (build 106)
Hex Converter:   FromElf.exe V5.05 update 1 (build 106)
CPU DLL:         SARMCM3.DLL V5.14.0.0
Dialog DLL:      DCM.DLL V1.13.1.0
Target DLL:      STLink\ST-LINKIII-KEIL_SWO.dll V2.0.14.0_KEIL
Dialog DLL:      TCM.DLL V1.14.4.0
 
<h2>Project:</h2>
C:\Users\Tom\Desktop\Demo\USER\Demo.uvprojx
Project File Date:  02/05/2021

<h2>Output:</h2>
*** Using Compiler 'V5.05 update 1 (build 106)', folder: 'D:\install\Keil_v5\ARM\ARMCC\Bin'
Rebuild target 'Demo'
assembling startup_stm32f10x_md.s...
compiling core_cm3.c...
compiling stm32f10x_sdio.c...
compiling system_stm32f10x.c...
compiling stm32f10x_gpio.c...
compiling misc.c...
compiling stm32f10x_it.c...
compiling stm32f10x_usart.c...
compiling stm32f10x_rcc.c...
compiling main.c...
compiling stm32f10x_tim.c...
compiling stm32f10x_adc.c...
compiling stm32f10x_exti.c...
compiling stm32f10x_bkp.c...
compiling stm32f10x_cec.c...
compiling stm32f10x_crc.c...
compiling stm32f10x_dbgmcu.c...
compiling stm32f10x_dac.c...
compiling stm32f10x_can.c...
compiling stm32f10x_dma.c...
compiling stm32f10x_flash.c...
compiling stm32f10x_i2c.c...
compiling stm32f10x_fsmc.c...
compiling stm32f10x_iwdg.c...
compiling stm32f10x_spi.c...
compiling stm32f10x_pwr.c...
compiling stm32f10x_rtc.c...
compiling stm32f10x_wwdg.c...
compiling key.c...
compiling led.c...
compiling beep.c...
compiling relay.c...
compiling iic.c...
compiling dht11.c...
compiling oled.c...
compiling infared.c...
compiling adc.c...
compiling lsens.c...
compiling timer.c...
compiling malloc.c...
compiling usart3.c...
compiling nec.c...
compiling usart.c...
compiling mcu_api.c...
compiling system.c...
compiling protocol.c...
compiling delay.c...
compiling sys.c...
linking...
Program Size: Code=21024 RO-data=4556 RW-data=308 ZI-data=1048108  
".\Objects\Demo.axf" - 0 Error(s), 0 Warning(s).

<h2>Collection of Component include folders:</h2>
  C:\Users\Tom\Desktop\Demo\USER\RTE
  D:\install\Keil_v5\ARM\PACK\Keil\STM32F1xx_DFP\1.0.5\Device\Include

<h2>Collection of Component Files used:</h2>
Build Time Elapsed:  00:00:03
</pre>
</body>
</html>
